 
****************************************
Report : power
        -hier
        -analysis_effort low
Design : reconstruction_stage
Version: X-2025.06-SP5-2
Date   : Thu Aug 27 22:47:34 2026
****************************************


Library(s) Used:

    gscl45nm (File: /apps/local/FreePDK45/osu_soc/lib/files/gscl45nm.db)


Operating Conditions: typical   Library: gscl45nm
Wire Load Model Mode: top


Global Operating Voltage = 1.1  
Power-specific unit information :
    Voltage Units = 1V
    Capacitance Units = 1.000000pf
    Time Units = 1ns
    Dynamic Power Units = 1mW    (derived from V,C,T units)
    Leakage Power Units = 1nW


--------------------------------------------------------------------------------
                                       Switch   Int      Leak     Total
Hierarchy                              Power    Power    Power    Power    %
--------------------------------------------------------------------------------
reconstruction_stage                      1.685    6.027 3.61e+04    7.749 100.0
  encoder (systematic_xor_encoder_50_127_425704)
                                          1.558    2.135 1.61e+04    3.709  47.9
1
