 
****************************************
Report : area
Design : reconstruction_stage
Version: X-2025.06-SP5-2
Date   : Fri Sep  4 13:19:54 2026
****************************************

Library(s) Used:

    gscl45nm (File: /apps/local/FreePDK45/osu_soc/lib/files/gscl45nm.db)

Number of ports:                           29
Number of nets:                            64
Number of cells:                           47
Number of combinational cells:             37
Number of sequential cells:                 8
Number of macros/black boxes:               0
Number of buf/inv:                         25
Number of references:                       5

Combinational area:                 90.105599
Buf/Inv area:                       48.337899
Noncombinational area:              82.596802
Macro/Black Box area:                0.000000
Net Interconnect area:      undefined  (No wire load specified)

Total cell area:                   172.702400
Total area:                 undefined

Hierarchical area distribution
------------------------------

                                  Global cell area          Local cell area
                                  ------------------  --------------------------- 
Hierarchical cell                 Absolute   Percent  Combi-    Noncombi-  Black-
                                  Total      Total    national  national   boxes   Design
--------------------------------  ---------  -------  --------  ---------  ------  ------------------------------
reconstruction_stage               172.7024    100.0   67.1099    82.5968  0.0000  reconstruction_stage
encoder                             22.9957     13.3   22.9957     0.0000  0.0000  systematic_xor_encoder_4_7_edb
--------------------------------  ---------  -------  --------  ---------  ------  ------------------------------
Total                                                  90.1056    82.5968  0.0000

1
