 
****************************************
Report : timing
        -path full
        -delay max
        -max_paths 10
Design : reconstruction_stage
Version: X-2025.06-SP5-2
Date   : Fri Sep  4 13:20:02 2026
****************************************

Operating Conditions: typical   Library: gscl45nm
Wire Load Model Mode: top

  Startpoint: payload_in[3]
              (input port clocked by clk)
  Endpoint: codeword_out_reg[4]
            (rising edge-triggered flip-flop clocked by clk)
  Path Group: clk
  Path Type: max

  Point                                                   Incr       Path
  --------------------------------------------------------------------------
  clock clk (rise edge)                                   0.00       0.00
  clock network delay (ideal)                             0.00       0.00
  input external delay                                    0.10       0.10 r
  payload_in[3] (in)                                      0.00       0.10 r
  encoder/payload[3] (systematic_xor_encoder_4_7_edb)     0.00       0.10 r
  encoder/U2/Y (INVX1)                                    0.02       0.12 f
  encoder/U6/Y (MUX2X1)                                   0.07       0.19 r
  encoder/U7/Y (MUX2X1)                                   0.05       0.24 r
  encoder/codeword[4] (systematic_xor_encoder_4_7_edb)
                                                          0.00       0.24 r
  U38/Y (AOI22X1)                                         0.03       0.27 f
  U21/Y (BUFX2)                                           0.04       0.31 f
  U39/Y (INVX1)                                           0.00       0.31 r
  codeword_out_reg[4]/D (DFFSR)                           0.00       0.31 r
  data arrival time                                                  0.31

  clock clk (rise edge)                                   1.00       1.00
  clock network delay (ideal)                             0.00       1.00
  clock uncertainty                                      -0.05       0.95
  codeword_out_reg[4]/CLK (DFFSR)                         0.00       0.95 r
  library setup time                                     -0.07       0.88
  data required time                                                 0.88
  --------------------------------------------------------------------------
  data required time                                                 0.88
  data arrival time                                                 -0.31
  --------------------------------------------------------------------------
  slack (MET)                                                        0.57


  Startpoint: payload_in[3]
              (input port clocked by clk)
  Endpoint: codeword_out_reg[6]
            (rising edge-triggered flip-flop clocked by clk)
  Path Group: clk
  Path Type: max

  Point                                                   Incr       Path
  --------------------------------------------------------------------------
  clock clk (rise edge)                                   0.00       0.00
  clock network delay (ideal)                             0.00       0.00
  input external delay                                    0.10       0.10 r
  payload_in[3] (in)                                      0.00       0.10 r
  encoder/payload[3] (systematic_xor_encoder_4_7_edb)     0.00       0.10 r
  encoder/U2/Y (INVX1)                                    0.02       0.12 f
  encoder/U6/Y (MUX2X1)                                   0.07       0.19 r
  encoder/U8/Y (MUX2X1)                                   0.05       0.24 r
  encoder/codeword[6] (systematic_xor_encoder_4_7_edb)
                                                          0.00       0.24 r
  U34/Y (AOI22X1)                                         0.03       0.27 f
  U19/Y (BUFX2)                                           0.04       0.31 f
  U35/Y (INVX1)                                           0.00       0.31 r
  codeword_out_reg[6]/D (DFFSR)                           0.00       0.31 r
  data arrival time                                                  0.31

  clock clk (rise edge)                                   1.00       1.00
  clock network delay (ideal)                             0.00       1.00
  clock uncertainty                                      -0.05       0.95
  codeword_out_reg[6]/CLK (DFFSR)                         0.00       0.95 r
  library setup time                                     -0.07       0.88
  data required time                                                 0.88
  --------------------------------------------------------------------------
  data required time                                                 0.88
  data arrival time                                                 -0.31
  --------------------------------------------------------------------------
  slack (MET)                                                        0.57


  Startpoint: payload_in[3]
              (input port clocked by clk)
  Endpoint: codeword_out_reg[5]
            (rising edge-triggered flip-flop clocked by clk)
  Path Group: clk
  Path Type: max

  Point                                                   Incr       Path
  --------------------------------------------------------------------------
  clock clk (rise edge)                                   0.00       0.00
  clock network delay (ideal)                             0.00       0.00
  input external delay                                    0.10       0.10 r
  payload_in[3] (in)                                      0.00       0.10 r
  encoder/payload[3] (systematic_xor_encoder_4_7_edb)     0.00       0.10 r
  encoder/U2/Y (INVX1)                                    0.02       0.12 f
  encoder/U3/Y (MUX2X1)                                   0.05       0.17 r
  encoder/U4/Y (MUX2X1)                                   0.05       0.22 r
  encoder/codeword[5] (systematic_xor_encoder_4_7_edb)
                                                          0.00       0.22 r
  U36/Y (AOI22X1)                                         0.03       0.26 f
  U20/Y (BUFX2)                                           0.04       0.29 f
  U37/Y (INVX1)                                           0.00       0.29 r
  codeword_out_reg[5]/D (DFFSR)                           0.00       0.29 r
  data arrival time                                                  0.29

  clock clk (rise edge)                                   1.00       1.00
  clock network delay (ideal)                             0.00       1.00
  clock uncertainty                                      -0.05       0.95
  codeword_out_reg[5]/CLK (DFFSR)                         0.00       0.95 r
  library setup time                                     -0.07       0.88
  data required time                                                 0.88
  --------------------------------------------------------------------------
  data required time                                                 0.88
  data arrival time                                                 -0.29
  --------------------------------------------------------------------------
  slack (MET)                                                        0.59


  Startpoint: valid_in (input port clocked by clk)
  Endpoint: codeword_out_reg[3]
            (rising edge-triggered flip-flop clocked by clk)
  Path Group: clk
  Path Type: max

  Point                                    Incr       Path
  -----------------------------------------------------------
  clock clk (rise edge)                    0.00       0.00
  clock network delay (ideal)              0.00       0.00
  input external delay                     0.10       0.10 f
  valid_in (in)                            0.00       0.10 f
  U33/Y (INVX1)                            0.06       0.16 r
  U40/Y (AOI22X1)                          0.03       0.19 f
  U22/Y (BUFX2)                            0.04       0.22 f
  U41/Y (INVX1)                            0.00       0.22 r
  codeword_out_reg[3]/D (DFFSR)            0.00       0.22 r
  data arrival time                                   0.22

  clock clk (rise edge)                    1.00       1.00
  clock network delay (ideal)              0.00       1.00
  clock uncertainty                       -0.05       0.95
  codeword_out_reg[3]/CLK (DFFSR)          0.00       0.95 r
  library setup time                      -0.07       0.88
  data required time                                  0.88
  -----------------------------------------------------------
  data required time                                  0.88
  data arrival time                                  -0.22
  -----------------------------------------------------------
  slack (MET)                                         0.66


  Startpoint: valid_in (input port clocked by clk)
  Endpoint: codeword_out_reg[2]
            (rising edge-triggered flip-flop clocked by clk)
  Path Group: clk
  Path Type: max

  Point                                    Incr       Path
  -----------------------------------------------------------
  clock clk (rise edge)                    0.00       0.00
  clock network delay (ideal)              0.00       0.00
  input external delay                     0.10       0.10 f
  valid_in (in)                            0.00       0.10 f
  U33/Y (INVX1)                            0.06       0.16 r
  U42/Y (AOI22X1)                          0.03       0.19 f
  U23/Y (BUFX2)                            0.04       0.22 f
  U43/Y (INVX1)                            0.00       0.22 r
  codeword_out_reg[2]/D (DFFSR)            0.00       0.22 r
  data arrival time                                   0.22

  clock clk (rise edge)                    1.00       1.00
  clock network delay (ideal)              0.00       1.00
  clock uncertainty                       -0.05       0.95
  codeword_out_reg[2]/CLK (DFFSR)          0.00       0.95 r
  library setup time                      -0.07       0.88
  data required time                                  0.88
  -----------------------------------------------------------
  data required time                                  0.88
  data arrival time                                  -0.22
  -----------------------------------------------------------
  slack (MET)                                         0.66


  Startpoint: valid_in (input port clocked by clk)
  Endpoint: codeword_out_reg[1]
            (rising edge-triggered flip-flop clocked by clk)
  Path Group: clk
  Path Type: max

  Point                                    Incr       Path
  -----------------------------------------------------------
  clock clk (rise edge)                    0.00       0.00
  clock network delay (ideal)              0.00       0.00
  input external delay                     0.10       0.10 f
  valid_in (in)                            0.00       0.10 f
  U33/Y (INVX1)                            0.06       0.16 r
  U44/Y (AOI22X1)                          0.03       0.19 f
  U24/Y (BUFX2)                            0.04       0.22 f
  U45/Y (INVX1)                            0.00       0.22 r
  codeword_out_reg[1]/D (DFFSR)            0.00       0.22 r
  data arrival time                                   0.22

  clock clk (rise edge)                    1.00       1.00
  clock network delay (ideal)              0.00       1.00
  clock uncertainty                       -0.05       0.95
  codeword_out_reg[1]/CLK (DFFSR)          0.00       0.95 r
  library setup time                      -0.07       0.88
  data required time                                  0.88
  -----------------------------------------------------------
  data required time                                  0.88
  data arrival time                                  -0.22
  -----------------------------------------------------------
  slack (MET)                                         0.66


  Startpoint: valid_in (input port clocked by clk)
  Endpoint: codeword_out_reg[0]
            (rising edge-triggered flip-flop clocked by clk)
  Path Group: clk
  Path Type: max

  Point                                    Incr       Path
  -----------------------------------------------------------
  clock clk (rise edge)                    0.00       0.00
  clock network delay (ideal)              0.00       0.00
  input external delay                     0.10       0.10 f
  valid_in (in)                            0.00       0.10 f
  U33/Y (INVX1)                            0.06       0.16 r
  U46/Y (AOI22X1)                          0.03       0.19 f
  U25/Y (BUFX2)                            0.04       0.22 f
  U47/Y (INVX1)                            0.00       0.22 r
  codeword_out_reg[0]/D (DFFSR)            0.00       0.22 r
  data arrival time                                   0.22

  clock clk (rise edge)                    1.00       1.00
  clock network delay (ideal)              0.00       1.00
  clock uncertainty                       -0.05       0.95
  codeword_out_reg[0]/CLK (DFFSR)          0.00       0.95 r
  library setup time                      -0.07       0.88
  data required time                                  0.88
  -----------------------------------------------------------
  data required time                                  0.88
  data arrival time                                  -0.22
  -----------------------------------------------------------
  slack (MET)                                         0.66


  Startpoint: codeword_out_reg[2]
              (rising edge-triggered flip-flop clocked by clk)
  Endpoint: codeword_out[2]
            (output port clocked by clk)
  Path Group: clk
  Path Type: max

  Point                                    Incr       Path
  -----------------------------------------------------------
  clock clk (rise edge)                    0.00       0.00
  clock network delay (ideal)              0.00       0.00
  codeword_out_reg[2]/CLK (DFFSR)          0.00       0.00 r
  codeword_out_reg[2]/Q (DFFSR)            0.11       0.11 f
  U30/Y (BUFX2)                            0.03       0.15 f
  codeword_out[2] (out)                    0.00       0.15 f
  data arrival time                                   0.15

  clock clk (rise edge)                    1.00       1.00
  clock network delay (ideal)              0.00       1.00
  clock uncertainty                       -0.05       0.95
  output external delay                   -0.10       0.85
  data required time                                  0.85
  -----------------------------------------------------------
  data required time                                  0.85
  data arrival time                                  -0.15
  -----------------------------------------------------------
  slack (MET)                                         0.70


  Startpoint: codeword_out_reg[1]
              (rising edge-triggered flip-flop clocked by clk)
  Endpoint: codeword_out[1]
            (output port clocked by clk)
  Path Group: clk
  Path Type: max

  Point                                    Incr       Path
  -----------------------------------------------------------
  clock clk (rise edge)                    0.00       0.00
  clock network delay (ideal)              0.00       0.00
  codeword_out_reg[1]/CLK (DFFSR)          0.00       0.00 r
  codeword_out_reg[1]/Q (DFFSR)            0.11       0.11 f
  U31/Y (BUFX2)                            0.03       0.15 f
  codeword_out[1] (out)                    0.00       0.15 f
  data arrival time                                   0.15

  clock clk (rise edge)                    1.00       1.00
  clock network delay (ideal)              0.00       1.00
  clock uncertainty                       -0.05       0.95
  output external delay                   -0.10       0.85
  data required time                                  0.85
  -----------------------------------------------------------
  data required time                                  0.85
  data arrival time                                  -0.15
  -----------------------------------------------------------
  slack (MET)                                         0.70


  Startpoint: codeword_out_reg[0]
              (rising edge-triggered flip-flop clocked by clk)
  Endpoint: codeword_out[0]
            (output port clocked by clk)
  Path Group: clk
  Path Type: max

  Point                                    Incr       Path
  -----------------------------------------------------------
  clock clk (rise edge)                    0.00       0.00
  clock network delay (ideal)              0.00       0.00
  codeword_out_reg[0]/CLK (DFFSR)          0.00       0.00 r
  codeword_out_reg[0]/Q (DFFSR)            0.11       0.11 f
  U32/Y (BUFX2)                            0.03       0.15 f
  codeword_out[0] (out)                    0.00       0.15 f
  data arrival time                                   0.15

  clock clk (rise edge)                    1.00       1.00
  clock network delay (ideal)              0.00       1.00
  clock uncertainty                       -0.05       0.95
  output external delay                   -0.10       0.85
  data required time                                  0.85
  -----------------------------------------------------------
  data required time                                  0.85
  data arrival time                                  -0.15
  -----------------------------------------------------------
  slack (MET)                                         0.70


1
