 
****************************************
Report : area
Design : reconstruction_stage
Version: X-2025.06-SP5-2
Date   : Thu Aug 27 22:47:16 2026
****************************************

Library(s) Used:

    gscl45nm (File: /apps/local/FreePDK45/osu_soc/lib/files/gscl45nm.db)

Number of ports:                          435
Number of nets:                          1900
Number of cells:                         1671
Number of combinational cells:           1541
Number of sequential cells:               128
Number of macros/black boxes:               0
Number of buf/inv:                        777
Number of references:                       5

Combinational area:               4788.737194
Buf/Inv area:                     1517.246857
Noncombinational area:            1321.548828
Macro/Black Box area:                0.000000
Net Interconnect area:      undefined  (No wire load specified)

Total cell area:                  6110.286022
Total area:                 undefined

Hierarchical area distribution
------------------------------

                                  Global cell area          Local cell area
                                  ------------------  ---------------------------- 
Hierarchical cell                 Absolute   Percent  Combi-     Noncombi-  Black-
                                  Total      Total    national   national   boxes   Design
--------------------------------  ---------  -------  ---------  ---------  ------  ------------------------------------
reconstruction_stage              6110.2860    100.0  1201.4080  1321.5488  0.0000  reconstruction_stage
encoder                           3587.3292     58.7  3587.3292     0.0000  0.0000  systematic_xor_encoder_50_127_425704
--------------------------------  ---------  -------  ---------  ---------  ------  ------------------------------------
Total                                                 4788.7372  1321.5488  0.0000

1
