Information: Propagating switching activity (low effort zero delay simulation). (PWR-6)
 
****************************************
Report : power
        -analysis_effort low
Design : reconstruction_stage
Version: X-2025.06-SP5-2
Date   : Thu Aug 27 22:47:17 2026
****************************************


Library(s) Used:

    gscl45nm (File: /apps/local/FreePDK45/osu_soc/lib/files/gscl45nm.db)


Operating Conditions: typical   Library: gscl45nm
Wire Load Model Mode: top


Global Operating Voltage = 1.1  
Power-specific unit information :
    Voltage Units = 1V
    Capacitance Units = 1.000000pf
    Time Units = 1ns
    Dynamic Power Units = 1mW    (derived from V,C,T units)
    Leakage Power Units = 1nW


Attributes
----------
i - Including register clock pin internal power


  Cell Internal Power  =   8.0832 mW   (75%)
  Net Switching Power  =   2.6298 mW   (25%)
                         ---------
Total Dynamic Power    =  10.7130 mW  (100%)

Cell Leakage Power     =  36.0685 uW


                 Internal         Switching           Leakage            Total
Power Group      Power            Power               Power              Power   (   %    )  Attrs
--------------------------------------------------------------------------------------------------
io_pad             0.0000            0.0000            0.0000            0.0000  (   0.00%)
memory             0.0000            0.0000            0.0000            0.0000  (   0.00%)
black_box          0.0000            0.0000            0.0000            0.0000  (   0.00%)
clock_network      2.9995            0.0000            0.0000            2.9995  (  27.90%)  i
register           1.4432        5.9247e-02        1.3902e+04            1.5163  (  14.11%)
sequential         0.0000            0.0000            0.0000            0.0000  (   0.00%)
combinational      3.6405            2.5706        2.2166e+04            6.2332  (  57.99%)
--------------------------------------------------------------------------------------------------
Total              8.0832 mW         2.6298 mW     3.6068e+04 nW        10.7491 mW
1
