Information: Updating design information... (UID-85)
 
****************************************
Report : qor
Design : reconstruction_stage
Version: X-2025.06-SP5-2
Date   : Thu Aug 27 22:47:16 2026
****************************************


  Timing Path Group 'clk'
  -----------------------------------
  Levels of Logic:              16.00
  Critical Path Length:          0.78
  Critical Path Slack:           0.00
  Critical Path Clk Period:      1.00
  Total Negative Slack:          0.00
  No. of Violating Paths:        0.00
  Worst Hold Violation:          0.00
  Total Hold Violation:          0.00
  No. of Hold Violations:        0.00
  -----------------------------------


  Cell Count
  -----------------------------------
  Hierarchical Cell Count:          1
  Hierarchical Port Count:        254
  Leaf Cell Count:               1669
  Buf/Inv Cell Count:             777
  Buf Cell Count:                 443
  Inv Cell Count:                 334
  CT Buf/Inv Cell Count:            0
  Combinational Cell Count:      1541
  Sequential Cell Count:          128
  Macro Count:                      0
  -----------------------------------


  Area
  -----------------------------------
  Combinational Area:     4788.737194
  Noncombinational Area:  1321.548828
  Buf/Inv Area:           1517.246857
  Total Buffer Area:          1039.50
  Total Inverter Area:         477.75
  Macro/Black Box Area:      0.000000
  Net Area:                  0.000000
  -----------------------------------
  Cell Area:              6110.286022
  Design Area:            6110.286022


  Design Rules
  -----------------------------------
  Total Number of Nets:          1723
  Nets With Violations:           446
  Max Trans Violations:             0
  Max Cap Violations:             446
  -----------------------------------


  Hostname: ece-lnx-10

  Compile CPU Statistics
  -----------------------------------------
  Resource Sharing:                    0.02
  Logic Optimization:                  0.15
  Mapping Optimization:                1.28
  -----------------------------------------
  Overall Compile Time:                9.46
  Overall Compile Wall Clock Time:     9.90

  --------------------------------------------------------------------

  Design  WNS: 0.00  TNS: 0.00  Number of Violating Paths: 0


  Design (Hold)  WNS: 0.00  TNS: 0.00  Number of Violating Paths: 0

  --------------------------------------------------------------------


1
