 
****************************************
Report : timing
        -path full
        -delay max
        -max_paths 10
Design : reconstruction_stage
Version: X-2025.06-SP5-2
Date   : Thu Aug 27 22:47:17 2026
****************************************

Operating Conditions: typical   Library: gscl45nm
Wire Load Model Mode: top

  Startpoint: payload_in[11]
              (input port clocked by clk)
  Endpoint: codeword_out_reg[57]
            (rising edge-triggered flip-flop clocked by clk)
  Path Group: clk
  Path Type: max

  Point                                                   Incr       Path
  --------------------------------------------------------------------------
  clock clk (rise edge)                                   0.00       0.00
  clock network delay (ideal)                             0.00       0.00
  input external delay                                    0.10       0.10 r
  payload_in[11] (in)                                     0.00       0.10 r
  encoder/payload[11] (systematic_xor_encoder_50_127_425704)
                                                          0.00       0.10 r
  encoder/U312/Y (INVX1)                                  0.05       0.15 f
  encoder/U313/Y (AOI22X1)                                0.04       0.19 r
  encoder/U279/Y (BUFX2)                                  0.06       0.25 r
  encoder/U288/Y (INVX1)                                  0.06       0.31 f
  encoder/U395/Y (AOI22X1)                                0.06       0.37 r
  encoder/U28/Y (BUFX2)                                   0.03       0.40 r
  encoder/U243/Y (INVX1)                                  0.02       0.42 f
  encoder/U6/Y (INVX2)                                    0.03       0.46 r
  encoder/U396/Y (MUX2X1)                                 0.07       0.53 r
  encoder/U397/Y (MUX2X1)                                 0.06       0.59 r
  encoder/U398/Y (MUX2X1)                                 0.07       0.65 r
  encoder/U399/YS (FAX1)                                  0.09       0.74 f
  encoder/U400/YS (FAX1)                                  0.07       0.82 r
  encoder/codeword[57] (systematic_xor_encoder_50_127_425704)
                                                          0.00       0.82 r
  U659/Y (AOI22X1)                                        0.03       0.84 f
  U307/Y (BUFX2)                                          0.04       0.88 f
  U660/Y (INVX1)                                          0.00       0.88 r
  codeword_out_reg[57]/D (DFFSR)                          0.00       0.88 r
  data arrival time                                                  0.88

  clock clk (rise edge)                                   1.00       1.00
  clock network delay (ideal)                             0.00       1.00
  clock uncertainty                                      -0.05       0.95
  codeword_out_reg[57]/CLK (DFFSR)                        0.00       0.95 r
  library setup time                                     -0.07       0.88
  data required time                                                 0.88
  --------------------------------------------------------------------------
  data required time                                                 0.88
  data arrival time                                                 -0.88
  --------------------------------------------------------------------------
  slack (MET)                                                        0.00


  Startpoint: payload_in[40]
              (input port clocked by clk)
  Endpoint: codeword_out_reg[83]
            (rising edge-triggered flip-flop clocked by clk)
  Path Group: clk
  Path Type: max

  Point                                                   Incr       Path
  --------------------------------------------------------------------------
  clock clk (rise edge)                                   0.00       0.00
  clock network delay (ideal)                             0.00       0.00
  input external delay                                    0.10       0.10 f
  payload_in[40] (in)                                     0.00       0.10 f
  encoder/payload[40] (systematic_xor_encoder_50_127_425704)
                                                          0.00       0.10 f
  encoder/U291/Y (INVX1)                                  0.06       0.16 r
  encoder/U354/Y (AOI22X1)                                0.03       0.20 f
  encoder/U32/Y (BUFX2)                                   0.04       0.23 f
  encoder/U261/Y (INVX1)                                  0.06       0.29 r
  encoder/U262/Y (INVX1)                                  0.07       0.36 f
  encoder/U359/Y (MUX2X1)                                 0.12       0.48 r
  encoder/U26/Y (INVX2)                                   0.02       0.50 f
  encoder/U454/Y (MUX2X1)                                 0.07       0.57 r
  encoder/U455/YS (FAX1)                                  0.09       0.66 f
  encoder/U456/YS (FAX1)                                  0.09       0.75 r
  encoder/U457/YS (FAX1)                                  0.07       0.83 r
  encoder/codeword[83] (systematic_xor_encoder_50_127_425704)
                                                          0.00       0.83 r
  U607/Y (AOI22X1)                                        0.02       0.84 f
  U301/Y (BUFX2)                                          0.04       0.88 f
  U608/Y (INVX1)                                          0.00       0.88 r
  codeword_out_reg[83]/D (DFFSR)                          0.00       0.88 r
  data arrival time                                                  0.88

  clock clk (rise edge)                                   1.00       1.00
  clock network delay (ideal)                             0.00       1.00
  clock uncertainty                                      -0.05       0.95
  codeword_out_reg[83]/CLK (DFFSR)                        0.00       0.95 r
  library setup time                                     -0.07       0.88
  data required time                                                 0.88
  --------------------------------------------------------------------------
  data required time                                                 0.88
  data arrival time                                                 -0.88
  --------------------------------------------------------------------------
  slack (MET)                                                        0.00


  Startpoint: payload_in[43]
              (input port clocked by clk)
  Endpoint: codeword_out_reg[78]
            (rising edge-triggered flip-flop clocked by clk)
  Path Group: clk
  Path Type: max

  Point                                                   Incr       Path
  --------------------------------------------------------------------------
  clock clk (rise edge)                                   0.00       0.00
  clock network delay (ideal)                             0.00       0.00
  input external delay                                    0.10       0.10 f
  payload_in[43] (in)                                     0.00       0.10 f
  encoder/payload[43] (systematic_xor_encoder_50_127_425704)
                                                          0.00       0.10 f
  encoder/U323/Y (INVX1)                                  0.06       0.16 r
  encoder/U324/Y (AOI22X1)                                0.03       0.18 f
  encoder/U31/Y (BUFX2)                                   0.04       0.22 f
  encoder/U244/Y (INVX1)                                  0.03       0.26 r
  encoder/U245/Y (INVX1)                                  0.05       0.30 f
  encoder/U325/Y (AOI22X1)                                0.05       0.36 r
  encoder/U271/Y (BUFX2)                                  0.06       0.41 r
  encoder/U602/Y (INVX1)                                  0.04       0.46 f
  encoder/U603/Y (AOI22X1)                                0.04       0.49 r
  encoder/U35/Y (BUFX2)                                   0.03       0.53 r
  encoder/U227/Y (INVX1)                                  0.02       0.55 f
  encoder/U228/Y (INVX1)                                  0.06       0.61 r
  encoder/U688/Y (MUX2X1)                                 0.04       0.65 f
  encoder/U689/YS (FAX1)                                  0.09       0.74 r
  encoder/U690/YS (FAX1)                                  0.07       0.81 r
  encoder/codeword[78] (systematic_xor_encoder_50_127_425704)
                                                          0.00       0.81 r
  U617/Y (AOI22X1)                                        0.03       0.84 f
  U302/Y (BUFX2)                                          0.04       0.88 f
  U618/Y (INVX1)                                          0.00       0.88 r
  codeword_out_reg[78]/D (DFFSR)                          0.00       0.88 r
  data arrival time                                                  0.88

  clock clk (rise edge)                                   1.00       1.00
  clock network delay (ideal)                             0.00       1.00
  clock uncertainty                                      -0.05       0.95
  codeword_out_reg[78]/CLK (DFFSR)                        0.00       0.95 r
  library setup time                                     -0.07       0.88
  data required time                                                 0.88
  --------------------------------------------------------------------------
  data required time                                                 0.88
  data arrival time                                                 -0.88
  --------------------------------------------------------------------------
  slack (MET)                                                        0.00


  Startpoint: payload_in[37]
              (input port clocked by clk)
  Endpoint: codeword_out_reg[99]
            (rising edge-triggered flip-flop clocked by clk)
  Path Group: clk
  Path Type: max

  Point                                                   Incr       Path
  --------------------------------------------------------------------------
  clock clk (rise edge)                                   0.00       0.00
  clock network delay (ideal)                             0.00       0.00
  input external delay                                    0.10       0.10 r
  payload_in[37] (in)                                     0.00       0.10 r
  encoder/payload[37] (systematic_xor_encoder_50_127_425704)
                                                          0.00       0.10 r
  encoder/U12/Y (INVX1)                                   0.05       0.15 f
  encoder/U471/Y (AOI22X1)                                0.04       0.19 r
  encoder/U285/Y (BUFX2)                                  0.07       0.25 r
  encoder/U10/Y (INVX2)                                   0.03       0.29 f
  encoder/U515/Y (AOI22X1)                                0.04       0.33 r
  encoder/U29/Y (BUFX2)                                   0.03       0.36 r
  encoder/U210/Y (INVX1)                                  0.04       0.40 f
  encoder/U20/Y (INVX4)                                   0.03       0.43 r
  encoder/U597/Y (AOI22X1)                                0.03       0.46 f
  encoder/U86/Y (BUFX2)                                   0.04       0.50 f
  encoder/U664/Y (MUX2X1)                                 0.06       0.56 r
  encoder/U63/Y (MUX2X1)                                  0.04       0.60 f
  encoder/U40/Y (INVX1)                                   0.07       0.67 r
  encoder/U946/YS (FAX1)                                  0.09       0.77 f
  encoder/U947/Y (MUX2X1)                                 0.04       0.81 r
  encoder/codeword[99] (systematic_xor_encoder_50_127_425704)
                                                          0.00       0.81 r
  U575/Y (AOI22X1)                                        0.03       0.84 f
  U285/Y (BUFX2)                                          0.04       0.88 f
  U576/Y (INVX1)                                          0.00       0.88 r
  codeword_out_reg[99]/D (DFFSR)                          0.00       0.88 r
  data arrival time                                                  0.88

  clock clk (rise edge)                                   1.00       1.00
  clock network delay (ideal)                             0.00       1.00
  clock uncertainty                                      -0.05       0.95
  codeword_out_reg[99]/CLK (DFFSR)                        0.00       0.95 r
  library setup time                                     -0.07       0.88
  data required time                                                 0.88
  --------------------------------------------------------------------------
  data required time                                                 0.88
  data arrival time                                                 -0.88
  --------------------------------------------------------------------------
  slack (MET)                                                        0.00


  Startpoint: payload_in[34]
              (input port clocked by clk)
  Endpoint: codeword_out_reg[104]
            (rising edge-triggered flip-flop clocked by clk)
  Path Group: clk
  Path Type: max

  Point                                                   Incr       Path
  --------------------------------------------------------------------------
  clock clk (rise edge)                                   0.00       0.00
  clock network delay (ideal)                             0.00       0.00
  input external delay                                    0.10       0.10 r
  payload_in[34] (in)                                     0.00       0.10 r
  encoder/payload[34] (systematic_xor_encoder_50_127_425704)
                                                          0.00       0.10 r
  encoder/U23/Y (INVX2)                                   0.03       0.13 f
  encoder/U849/Y (AOI22X1)                                0.03       0.17 r
  encoder/U242/Y (BUFX2)                                  0.06       0.23 r
  encoder/U850/Y (MUX2X1)                                 0.09       0.31 r
  encoder/U851/Y (INVX1)                                  0.06       0.38 f
  encoder/U874/Y (AOI22X1)                                0.05       0.42 r
  encoder/U37/Y (BUFX2)                                   0.03       0.46 r
  encoder/U185/Y (INVX1)                                  0.02       0.48 f
  encoder/U5/Y (INVX1)                                    0.03       0.51 r
  encoder/U875/Y (MUX2X1)                                 0.12       0.63 r
  encoder/U964/YS (FAX1)                                  0.11       0.74 r
  encoder/U965/YS (FAX1)                                  0.07       0.81 r
  encoder/codeword[104] (systematic_xor_encoder_50_127_425704)
                                                          0.00       0.81 r
  U565/Y (AOI22X1)                                        0.03       0.84 f
  U280/Y (BUFX2)                                          0.04       0.88 f
  U566/Y (INVX1)                                          0.00       0.88 r
  codeword_out_reg[104]/D (DFFSR)                         0.00       0.88 r
  data arrival time                                                  0.88

  clock clk (rise edge)                                   1.00       1.00
  clock network delay (ideal)                             0.00       1.00
  clock uncertainty                                      -0.05       0.95
  codeword_out_reg[104]/CLK (DFFSR)                       0.00       0.95 r
  library setup time                                     -0.07       0.88
  data required time                                                 0.88
  --------------------------------------------------------------------------
  data required time                                                 0.88
  data arrival time                                                 -0.88
  --------------------------------------------------------------------------
  slack (MET)                                                        0.00


  Startpoint: payload_in[19]
              (input port clocked by clk)
  Endpoint: codeword_out_reg[95]
            (rising edge-triggered flip-flop clocked by clk)
  Path Group: clk
  Path Type: max

  Point                                                   Incr       Path
  --------------------------------------------------------------------------
  clock clk (rise edge)                                   0.00       0.00
  clock network delay (ideal)                             0.00       0.00
  input external delay                                    0.10       0.10 r
  payload_in[19] (in)                                     0.00       0.10 r
  encoder/payload[19] (systematic_xor_encoder_50_127_425704)
                                                          0.00       0.10 r
  encoder/U369/Y (INVX1)                                  0.05       0.15 f
  encoder/U370/Y (AOI22X1)                                0.05       0.20 r
  encoder/U284/Y (BUFX2)                                  0.07       0.27 r
  encoder/U371/Y (MUX2X1)                                 0.09       0.36 r
  encoder/U372/Y (MUX2X1)                                 0.08       0.44 r
  encoder/U373/Y (MUX2X1)                                 0.08       0.53 r
  encoder/U374/Y (MUX2X1)                                 0.11       0.64 r
  encoder/U377/YS (FAX1)                                  0.11       0.75 r
  encoder/U378/YS (FAX1)                                  0.07       0.82 r
  encoder/codeword[95] (systematic_xor_encoder_50_127_425704)
                                                          0.00       0.82 r
  U583/Y (AOI22X1)                                        0.02       0.84 f
  U289/Y (BUFX2)                                          0.04       0.88 f
  U584/Y (INVX1)                                          0.00       0.87 r
  codeword_out_reg[95]/D (DFFSR)                          0.00       0.87 r
  data arrival time                                                  0.87

  clock clk (rise edge)                                   1.00       1.00
  clock network delay (ideal)                             0.00       1.00
  clock uncertainty                                      -0.05       0.95
  codeword_out_reg[95]/CLK (DFFSR)                        0.00       0.95 r
  library setup time                                     -0.07       0.88
  data required time                                                 0.88
  --------------------------------------------------------------------------
  data required time                                                 0.88
  data arrival time                                                 -0.87
  --------------------------------------------------------------------------
  slack (MET)                                                        0.01


  Startpoint: payload_in[12]
              (input port clocked by clk)
  Endpoint: codeword_out_reg[102]
            (rising edge-triggered flip-flop clocked by clk)
  Path Group: clk
  Path Type: max

  Point                                                   Incr       Path
  --------------------------------------------------------------------------
  clock clk (rise edge)                                   0.00       0.00
  clock network delay (ideal)                             0.00       0.00
  input external delay                                    0.10       0.10 f
  payload_in[12] (in)                                     0.00       0.10 f
  encoder/payload[12] (systematic_xor_encoder_50_127_425704)
                                                          0.00       0.10 f
  encoder/U286/Y (INVX1)                                  0.06       0.16 r
  encoder/U464/Y (AOI22X1)                                0.03       0.18 f
  encoder/U44/Y (BUFX2)                                   0.06       0.25 f
  encoder/U27/Y (INVX2)                                   0.05       0.30 r
  encoder/U557/Y (AOI22X1)                                0.04       0.34 f
  encoder/U30/Y (BUFX2)                                   0.04       0.38 f
  encoder/U192/Y (INVX1)                                  0.03       0.41 r
  encoder/U193/Y (INVX1)                                  0.04       0.45 f
  encoder/U560/Y (MUX2X1)                                 0.07       0.52 r
  encoder/U645/Y (INVX1)                                  0.03       0.55 f
  encoder/U41/Y (MUX2X1)                                  0.04       0.60 r
  encoder/U1/Y (INVX1)                                    0.06       0.66 f
  encoder/U705/YS (FAX1)                                  0.09       0.75 f
  encoder/U706/Y (MUX2X1)                                 0.04       0.80 r
  encoder/codeword[102] (systematic_xor_encoder_50_127_425704)
                                                          0.00       0.80 r
  U569/Y (AOI22X1)                                        0.03       0.83 f
  U282/Y (BUFX2)                                          0.04       0.87 f
  U570/Y (INVX1)                                          0.00       0.87 r
  codeword_out_reg[102]/D (DFFSR)                         0.00       0.87 r
  data arrival time                                                  0.87

  clock clk (rise edge)                                   1.00       1.00
  clock network delay (ideal)                             0.00       1.00
  clock uncertainty                                      -0.05       0.95
  codeword_out_reg[102]/CLK (DFFSR)                       0.00       0.95 r
  library setup time                                     -0.07       0.88
  data required time                                                 0.88
  --------------------------------------------------------------------------
  data required time                                                 0.88
  data arrival time                                                 -0.87
  --------------------------------------------------------------------------
  slack (MET)                                                        0.01


  Startpoint: payload_in[12]
              (input port clocked by clk)
  Endpoint: codeword_out_reg[62]
            (rising edge-triggered flip-flop clocked by clk)
  Path Group: clk
  Path Type: max

  Point                                                   Incr       Path
  --------------------------------------------------------------------------
  clock clk (rise edge)                                   0.00       0.00
  clock network delay (ideal)                             0.00       0.00
  input external delay                                    0.10       0.10 f
  payload_in[12] (in)                                     0.00       0.10 f
  encoder/payload[12] (systematic_xor_encoder_50_127_425704)
                                                          0.00       0.10 f
  encoder/U286/Y (INVX1)                                  0.06       0.16 r
  encoder/U464/Y (AOI22X1)                                0.03       0.18 f
  encoder/U44/Y (BUFX2)                                   0.06       0.25 f
  encoder/U27/Y (INVX2)                                   0.05       0.30 r
  encoder/U557/Y (AOI22X1)                                0.04       0.34 f
  encoder/U30/Y (BUFX2)                                   0.04       0.38 f
  encoder/U192/Y (INVX1)                                  0.03       0.41 r
  encoder/U193/Y (INVX1)                                  0.04       0.45 f
  encoder/U560/Y (MUX2X1)                                 0.07       0.52 r
  encoder/U645/Y (INVX1)                                  0.03       0.55 f
  encoder/U41/Y (MUX2X1)                                  0.04       0.60 r
  encoder/U1/Y (INVX1)                                    0.06       0.66 f
  encoder/U653/YS (FAX1)                                  0.09       0.75 f
  encoder/U654/Y (MUX2X1)                                 0.04       0.80 r
  encoder/codeword[62] (systematic_xor_encoder_50_127_425704)
                                                          0.00       0.80 r
  U649/Y (AOI22X1)                                        0.03       0.83 f
  U305/Y (BUFX2)                                          0.04       0.87 f
  U650/Y (INVX1)                                          0.00       0.87 r
  codeword_out_reg[62]/D (DFFSR)                          0.00       0.87 r
  data arrival time                                                  0.87

  clock clk (rise edge)                                   1.00       1.00
  clock network delay (ideal)                             0.00       1.00
  clock uncertainty                                      -0.05       0.95
  codeword_out_reg[62]/CLK (DFFSR)                        0.00       0.95 r
  library setup time                                     -0.07       0.88
  data required time                                                 0.88
  --------------------------------------------------------------------------
  data required time                                                 0.88
  data arrival time                                                 -0.87
  --------------------------------------------------------------------------
  slack (MET)                                                        0.01


  Startpoint: payload_in[45]
              (input port clocked by clk)
  Endpoint: codeword_out_reg[85]
            (rising edge-triggered flip-flop clocked by clk)
  Path Group: clk
  Path Type: max

  Point                                                   Incr       Path
  --------------------------------------------------------------------------
  clock clk (rise edge)                                   0.00       0.00
  clock network delay (ideal)                             0.00       0.00
  input external delay                                    0.10       0.10 f
  payload_in[45] (in)                                     0.00       0.10 f
  encoder/payload[45] (systematic_xor_encoder_50_127_425704)
                                                          0.00       0.10 f
  encoder/U355/Y (INVX1)                                  0.05       0.15 r
  encoder/U629/Y (AOI22X1)                                0.03       0.18 f
  encoder/U630/Y (BUFX2)                                  0.06       0.25 f
  encoder/U25/Y (INVX2)                                   0.05       0.30 r
  encoder/U646/Y (AOI22X1)                                0.03       0.33 f
  encoder/U36/Y (BUFX2)                                   0.04       0.37 f
  encoder/U207/Y (INVX1)                                  0.04       0.40 r
  encoder/U208/Y (INVX1)                                  0.04       0.44 f
  encoder/U707/Y (AOI22X1)                                0.04       0.48 r
  encoder/U90/Y (BUFX2)                                   0.04       0.53 r
  encoder/U796/Y (MUX2X1)                                 0.12       0.64 r
  encoder/U800/YS (FAX1)                                  0.11       0.75 f
  encoder/U801/Y (MUX2X1)                                 0.04       0.79 r
  encoder/codeword[85] (systematic_xor_encoder_50_127_425704)
                                                          0.00       0.79 r
  U603/Y (AOI22X1)                                        0.03       0.83 f
  U299/Y (BUFX2)                                          0.04       0.86 f
  U604/Y (INVX1)                                          0.00       0.86 r
  codeword_out_reg[85]/D (DFFSR)                          0.00       0.86 r
  data arrival time                                                  0.86

  clock clk (rise edge)                                   1.00       1.00
  clock network delay (ideal)                             0.00       1.00
  clock uncertainty                                      -0.05       0.95
  codeword_out_reg[85]/CLK (DFFSR)                        0.00       0.95 r
  library setup time                                     -0.07       0.88
  data required time                                                 0.88
  --------------------------------------------------------------------------
  data required time                                                 0.88
  data arrival time                                                 -0.86
  --------------------------------------------------------------------------
  slack (MET)                                                        0.02


  Startpoint: payload_in[12]
              (input port clocked by clk)
  Endpoint: codeword_out_reg[58]
            (rising edge-triggered flip-flop clocked by clk)
  Path Group: clk
  Path Type: max

  Point                                                   Incr       Path
  --------------------------------------------------------------------------
  clock clk (rise edge)                                   0.00       0.00
  clock network delay (ideal)                             0.00       0.00
  input external delay                                    0.10       0.10 r
  payload_in[12] (in)                                     0.00       0.10 r
  encoder/payload[12] (systematic_xor_encoder_50_127_425704)
                                                          0.00       0.10 r
  encoder/U286/Y (INVX1)                                  0.05       0.15 f
  encoder/U464/Y (AOI22X1)                                0.05       0.19 r
  encoder/U44/Y (BUFX2)                                   0.07       0.27 r
  encoder/U27/Y (INVX2)                                   0.04       0.31 f
  encoder/U567/Y (MUX2X1)                                 0.10       0.41 r
  encoder/U568/Y (MUX2X1)                                 0.07       0.49 r
  encoder/U569/Y (MUX2X1)                                 0.05       0.54 r
  encoder/U570/Y (MUX2X1)                                 0.07       0.61 r
  encoder/U571/YS (FAX1)                                  0.10       0.71 r
  encoder/U573/YS (FAX1)                                  0.09       0.80 r
  encoder/codeword[58] (systematic_xor_encoder_50_127_425704)
                                                          0.00       0.80 r
  U657/Y (AOI22X1)                                        0.03       0.83 f
  U306/Y (BUFX2)                                          0.04       0.86 f
  U658/Y (INVX1)                                          0.00       0.86 r
  codeword_out_reg[58]/D (DFFSR)                          0.00       0.86 r
  data arrival time                                                  0.86

  clock clk (rise edge)                                   1.00       1.00
  clock network delay (ideal)                             0.00       1.00
  clock uncertainty                                      -0.05       0.95
  codeword_out_reg[58]/CLK (DFFSR)                        0.00       0.95 r
  library setup time                                     -0.07       0.88
  data required time                                                 0.88
  --------------------------------------------------------------------------
  data required time                                                 0.88
  data arrival time                                                 -0.86
  --------------------------------------------------------------------------
  slack (MET)                                                        0.02


1
