 
****************************************
Report : area
Design : reconstruction_stage
Version: X-2025.06-SP5-2
Date   : Thu Aug 27 22:39:39 2026
****************************************

Library(s) Used:

    gscl45nm (File: /apps/local/FreePDK45/osu_soc/lib/files/gscl45nm.db)

Number of ports:                          238
Number of nets:                           727
Number of cells:                          572
Number of combinational cells:            506
Number of sequential cells:                64
Number of macros/black boxes:               0
Number of buf/inv:                        293
Number of references:                       5

Combinational area:               1459.522993
Buf/Inv area:                      559.405584
Noncombinational area:             660.774414
Macro/Black Box area:                0.000000
Net Interconnect area:      undefined  (No wire load specified)

Total cell area:                  2120.297407
Total area:                 undefined

Hierarchical area distribution
------------------------------

                                  Global cell area          Local cell area
                                  ------------------  ---------------------------- 
Hierarchical cell                 Absolute   Percent  Combi-     Noncombi-  Black-
                                  Total      Total    national   national   boxes   Design
--------------------------------  ---------  -------  ---------  ---------  ------  -----------------------------------
reconstruction_stage              2120.2974    100.0   599.7654   660.7744  0.0000  reconstruction_stage
encoder                            859.7576     40.5   859.7576     0.0000  0.0000  systematic_xor_encoder_45_63_540327
--------------------------------  ---------  -------  ---------  ---------  ------  -----------------------------------
Total                                                 1459.5230   660.7744  0.0000

1
