 
****************************************
Report : area
Design : reconstruction_stage
Version: X-2025.06-SP5-2
Date   : Thu Aug 27 22:39:39 2026
****************************************

Library(s) Used:

    gscl45nm (File: /apps/local/FreePDK45/osu_soc/lib/files/gscl45nm.db)

Number of ports:                          238
Number of nets:                           727
Number of cells:                          572
Number of combinational cells:            506
Number of sequential cells:                64
Number of macros/black boxes:               0
Number of buf/inv:                        293
Number of references:                       5

Combinational area:               1459.522993
Buf/Inv area:                      559.405584
Noncombinational area:             660.774414
Macro/Black Box area:                0.000000
Net Interconnect area:      undefined  (No wire load specified)

Total cell area:                  2120.297407
Total area:                 undefined
1
