 
****************************************
Report : area
Design : reconstruction_stage
Version: X-2025.06-SP5-2
Date   : Fri Sep  4 13:12:07 2026
****************************************

Library(s) Used:

    gscl45nm (File: /apps/local/FreePDK45/osu_soc/lib/files/gscl45nm.db)

Number of ports:                          244
Number of nets:                           694
Number of cells:                          527
Number of combinational cells:            461
Number of sequential cells:                64
Number of macros/black boxes:               0
Number of buf/inv:                        262
Number of references:                       5

Combinational area:               1355.807696
Buf/Inv area:                      494.642186
Noncombinational area:             660.774414
Macro/Black Box area:                0.000000
Net Interconnect area:      undefined  (No wire load specified)

Total cell area:                  2016.582110
Total area:                 undefined
1
