 
****************************************
Report : area
Design : reconstruction_stage
Version: X-2025.06-SP5-2
Date   : Fri Sep  4 13:12:07 2026
****************************************

Library(s) Used:

    gscl45nm (File: /apps/local/FreePDK45/osu_soc/lib/files/gscl45nm.db)

Number of ports:                          244
Number of nets:                           694
Number of cells:                          527
Number of combinational cells:            461
Number of sequential cells:                64
Number of macros/black boxes:               0
Number of buf/inv:                        262
Number of references:                       5

Combinational area:               1355.807696
Buf/Inv area:                      494.642186
Noncombinational area:             660.774414
Macro/Black Box area:                0.000000
Net Interconnect area:      undefined  (No wire load specified)

Total cell area:                  2016.582110
Total area:                 undefined

Hierarchical area distribution
------------------------------

                                  Global cell area          Local cell area
                                  ------------------  ---------------------------- 
Hierarchical cell                 Absolute   Percent  Combi-     Noncombi-  Black-
                                  Total      Total    national   national   boxes   Design
--------------------------------  ---------  -------  ---------  ---------  ------  -----------------------------------
reconstruction_stage              2016.5821    100.0   594.1338   660.7744  0.0000  reconstruction_stage
encoder                            761.6739     37.8   761.6739     0.0000  0.0000  systematic_xor_encoder_51_63_585242
--------------------------------  ---------  -------  ---------  ---------  ------  -----------------------------------
Total                                                 1355.8077   660.7744  0.0000

1
