Information: Propagating switching activity (low effort zero delay simulation). (PWR-6)
 
****************************************
Report : power
        -analysis_effort low
Design : reconstruction_stage
Version: X-2025.06-SP5-2
Date   : Fri Sep  4 13:12:07 2026
****************************************


Library(s) Used:

    gscl45nm (File: /apps/local/FreePDK45/osu_soc/lib/files/gscl45nm.db)


Operating Conditions: typical   Library: gscl45nm
Wire Load Model Mode: top


Global Operating Voltage = 1.1  
Power-specific unit information :
    Voltage Units = 1V
    Capacitance Units = 1.000000pf
    Time Units = 1ns
    Dynamic Power Units = 1mW    (derived from V,C,T units)
    Leakage Power Units = 1nW


Attributes
----------
i - Including register clock pin internal power


  Cell Internal Power  =   3.3187 mW   (81%)
  Net Switching Power  = 797.6047 uW   (19%)
                         ---------
Total Dynamic Power    =   4.1163 mW  (100%)

Cell Leakage Power     =  13.3273 uW


                 Internal         Switching           Leakage            Total
Power Group      Power            Power               Power              Power   (   %    )  Attrs
--------------------------------------------------------------------------------------------------
io_pad             0.0000            0.0000            0.0000            0.0000  (   0.00%)
memory             0.0000            0.0000            0.0000            0.0000  (   0.00%)
black_box          0.0000            0.0000            0.0000            0.0000  (   0.00%)
clock_network      1.4998            0.0000            0.0000            1.4998  (  36.32%)  i
register           0.6942        3.4708e-02        6.9512e+03            0.7358  (  17.82%)
sequential         0.0000            0.0000            0.0000            0.0000  (   0.00%)
combinational      1.1248            0.7629        6.3760e+03            1.8940  (  45.86%)
--------------------------------------------------------------------------------------------------
Total              3.3187 mW         0.7976 mW     1.3327e+04 nW         4.1296 mW
1
