Information: Updating design information... (UID-85)
 
****************************************
Report : qor
Design : reconstruction_stage
Version: X-2025.06-SP5-2
Date   : Fri Sep  4 13:12:07 2026
****************************************


  Timing Path Group 'clk'
  -----------------------------------
  Levels of Logic:              12.00
  Critical Path Length:          0.74
  Critical Path Slack:           0.04
  Critical Path Clk Period:      1.00
  Total Negative Slack:          0.00
  No. of Violating Paths:        0.00
  Worst Hold Violation:          0.00
  Total Hold Violation:          0.00
  No. of Hold Violations:        0.00
  -----------------------------------


  Cell Count
  -----------------------------------
  Hierarchical Cell Count:          1
  Hierarchical Port Count:        126
  Leaf Cell Count:                525
  Buf/Inv Cell Count:             262
  Buf Cell Count:                 134
  Inv Cell Count:                 128
  CT Buf/Inv Cell Count:            0
  Combinational Cell Count:       461
  Sequential Cell Count:           64
  Macro Count:                      0
  -----------------------------------


  Area
  -----------------------------------
  Combinational Area:     1355.807696
  Noncombinational Area:   660.774414
  Buf/Inv Area:            494.642186
  Total Buffer Area:           314.43
  Total Inverter Area:         180.21
  Macro/Black Box Area:      0.000000
  Net Area:                  0.000000
  -----------------------------------
  Cell Area:              2016.582110
  Design Area:            2016.582110


  Design Rules
  -----------------------------------
  Total Number of Nets:           580
  Nets With Violations:           134
  Max Trans Violations:             0
  Max Cap Violations:             134
  -----------------------------------


  Hostname: ece-lnx-10

  Compile CPU Statistics
  -----------------------------------------
  Resource Sharing:                    0.01
  Logic Optimization:                  0.11
  Mapping Optimization:                0.87
  -----------------------------------------
  Overall Compile Time:                4.07
  Overall Compile Wall Clock Time:     4.69

  --------------------------------------------------------------------

  Design  WNS: 0.00  TNS: 0.00  Number of Violating Paths: 0


  Design (Hold)  WNS: 0.00  TNS: 0.00  Number of Violating Paths: 0

  --------------------------------------------------------------------


1
