Information: Propagating switching activity (low effort zero delay simulation). (PWR-6)
 
****************************************
Report : power
        -analysis_effort low
Design : reconstruction_stage
Version: X-2025.06-SP5-2
Date   : Thu Aug 27 22:44:55 2026
****************************************


Library(s) Used:

    gscl45nm (File: /apps/local/FreePDK45/osu_soc/lib/files/gscl45nm.db)


Operating Conditions: typical   Library: gscl45nm
Wire Load Model Mode: top


Global Operating Voltage = 1.1  
Power-specific unit information :
    Voltage Units = 1V
    Capacitance Units = 1.000000pf
    Time Units = 1ns
    Dynamic Power Units = 1mW    (derived from V,C,T units)
    Leakage Power Units = 1nW


Attributes
----------
i - Including register clock pin internal power


  Cell Internal Power  =   3.9876 mW   (90%)
  Net Switching Power  = 452.3624 uW   (10%)
                         ---------
Total Dynamic Power    =   4.4399 mW  (100%)

Cell Leakage Power     =  27.7274 uW


                 Internal         Switching           Leakage            Total
Power Group      Power            Power               Power              Power   (   %    )  Attrs
--------------------------------------------------------------------------------------------------
io_pad             0.0000            0.0000            0.0000            0.0000  (   0.00%)
memory             0.0000            0.0000            0.0000            0.0000  (   0.00%)
black_box          0.0000            0.0000            0.0000            0.0000  (   0.00%)
clock_network      2.9995            0.0000            0.0000            2.9995  (  67.14%)  i
register           0.1917            0.0000        1.3902e+04            0.2056  (   4.60%)
sequential         0.0000            0.0000            0.0000            0.0000  (   0.00%)
combinational      0.7964            0.4524        1.3825e+04            1.2626  (  28.26%)
--------------------------------------------------------------------------------------------------
Total              3.9876 mW         0.4524 mW     2.7727e+04 nW         4.4677 mW
1
