Information: Updating design information... (UID-85)
 
****************************************
Report : qor
Design : reconstruction_stage
Version: X-2025.06-SP5-2
Date   : Thu Aug 27 22:44:55 2026
****************************************


  Timing Path Group 'clk'
  -----------------------------------
  Levels of Logic:              12.00
  Critical Path Length:          0.78
  Critical Path Slack:           0.00
  Critical Path Clk Period:      1.00
  Total Negative Slack:          0.00
  No. of Violating Paths:        0.00
  Worst Hold Violation:          0.00
  Total Hold Violation:          0.00
  No. of Hold Violations:        0.00
  -----------------------------------


  Cell Count
  -----------------------------------
  Hierarchical Cell Count:          1
  Hierarchical Port Count:        254
  Leaf Cell Count:               1077
  Buf/Inv Cell Count:             531
  Buf Cell Count:                 273
  Inv Cell Count:                 258
  CT Buf/Inv Cell Count:            0
  Combinational Cell Count:       949
  Sequential Cell Count:          128
  Macro Count:                      0
  -----------------------------------


  Area
  -----------------------------------
  Combinational Area:     2895.580993
  Noncombinational Area:  1321.548828
  Buf/Inv Area:           1004.771272
  Total Buffer Area:           641.06
  Total Inverter Area:         363.71
  Macro/Black Box Area:      0.000000
  Net Area:                  0.000000
  -----------------------------------
  Cell Area:              4217.129821
  Design Area:            4217.129821


  Design Rules
  -----------------------------------
  Total Number of Nets:          1194
  Nets With Violations:           270
  Max Trans Violations:             0
  Max Cap Violations:             270
  -----------------------------------


  Hostname: ece-lnx-10

  Compile CPU Statistics
  -----------------------------------------
  Resource Sharing:                    0.01
  Logic Optimization:                  0.25
  Mapping Optimization:                1.13
  -----------------------------------------
  Overall Compile Time:                6.89
  Overall Compile Wall Clock Time:     7.33

  --------------------------------------------------------------------

  Design  WNS: 0.00  TNS: 0.00  Number of Violating Paths: 0


  Design (Hold)  WNS: 0.00  TNS: 0.00  Number of Violating Paths: 0

  --------------------------------------------------------------------


1
