Information: Propagating switching activity (low effort zero delay simulation). (PWR-6)
 
****************************************
Report : power
        -analysis_effort low
Design : reconstruction_stage
Version: X-2025.06-SP5-2
Date   : Thu Aug 27 22:38:49 2026
****************************************


Library(s) Used:

    gscl45nm (File: /apps/local/FreePDK45/osu_soc/lib/files/gscl45nm.db)


Operating Conditions: typical   Library: gscl45nm
Wire Load Model Mode: top


Global Operating Voltage = 1.1  
Power-specific unit information :
    Voltage Units = 1V
    Capacitance Units = 1.000000pf
    Time Units = 1ns
    Dynamic Power Units = 1mW    (derived from V,C,T units)
    Leakage Power Units = 1nW


Attributes
----------
i - Including register clock pin internal power


  Cell Internal Power  =   1.8113 mW   (94%)
  Net Switching Power  = 112.4475 uW    (6%)
                         ---------
Total Dynamic Power    =   1.9237 mW  (100%)

Cell Leakage Power     =  12.2672 uW


                 Internal         Switching           Leakage            Total
Power Group      Power            Power               Power              Power   (   %    )  Attrs
--------------------------------------------------------------------------------------------------
io_pad             0.0000            0.0000            0.0000            0.0000  (   0.00%)
memory             0.0000            0.0000            0.0000            0.0000  (   0.00%)
black_box          0.0000            0.0000            0.0000            0.0000  (   0.00%)
clock_network      1.4998            0.0000            0.0000            1.4998  (  77.47%)  i
register       8.9302e-02            0.0000        6.9512e+03        9.6253e-02  (   4.97%)
sequential         0.0000            0.0000            0.0000            0.0000  (   0.00%)
combinational      0.2222            0.1124        5.3160e+03            0.3400  (  17.56%)
--------------------------------------------------------------------------------------------------
Total              1.8113 mW         0.1124 mW     1.2267e+04 nW         1.9360 mW
1
