Information: Updating design information... (UID-85)
 
****************************************
Report : qor
Design : reconstruction_stage
Version: X-2025.06-SP5-2
Date   : Thu Aug 27 22:38:49 2026
****************************************


  Timing Path Group 'clk'
  -----------------------------------
  Levels of Logic:              12.00
  Critical Path Length:          0.77
  Critical Path Slack:           0.01
  Critical Path Clk Period:      1.00
  Total Negative Slack:          0.00
  No. of Violating Paths:        0.00
  Worst Hold Violation:          0.00
  Total Hold Violation:          0.00
  No. of Hold Violations:        0.00
  -----------------------------------


  Cell Count
  -----------------------------------
  Hierarchical Cell Count:          1
  Hierarchical Port Count:        126
  Leaf Cell Count:                452
  Buf/Inv Cell Count:             241
  Buf Cell Count:                 133
  Inv Cell Count:                 108
  CT Buf/Inv Cell Count:            0
  Combinational Cell Count:       388
  Sequential Cell Count:           64
  Macro Count:                      0
  -----------------------------------


  Area
  -----------------------------------
  Combinational Area:     1111.771694
  Noncombinational Area:   660.774414
  Buf/Inv Area:            464.137687
  Total Buffer Area:           312.08
  Total Inverter Area:         152.05
  Macro/Black Box Area:      0.000000
  Net Area:                  0.000000
  -----------------------------------
  Cell Area:              1772.546108
  Design Area:            1772.546108


  Design Rules
  -----------------------------------
  Total Number of Nets:           513
  Nets With Violations:           131
  Max Trans Violations:             0
  Max Cap Violations:             131
  -----------------------------------


  Hostname: ece-lnx-10

  Compile CPU Statistics
  -----------------------------------------
  Resource Sharing:                    0.00
  Logic Optimization:                  0.14
  Mapping Optimization:                0.83
  -----------------------------------------
  Overall Compile Time:                3.56
  Overall Compile Wall Clock Time:     3.99

  --------------------------------------------------------------------

  Design  WNS: 0.00  TNS: 0.00  Number of Violating Paths: 0


  Design (Hold)  WNS: 0.00  TNS: 0.00  Number of Violating Paths: 0

  --------------------------------------------------------------------


1
