Information: Propagating switching activity (low effort zero delay simulation). (PWR-6)
 
****************************************
Report : power
        -analysis_effort low
Design : reconstruction_stage
Version: X-2025.06-SP5-2
Date   : Thu Aug 27 22:39:50 2026
****************************************


Library(s) Used:

    gscl45nm (File: /apps/local/FreePDK45/osu_soc/lib/files/gscl45nm.db)


Operating Conditions: typical   Library: gscl45nm
Wire Load Model Mode: top


Global Operating Voltage = 1.1  
Power-specific unit information :
    Voltage Units = 1V
    Capacitance Units = 1.000000pf
    Time Units = 1ns
    Dynamic Power Units = 1mW    (derived from V,C,T units)
    Leakage Power Units = 1nW


Attributes
----------
i - Including register clock pin internal power


  Cell Internal Power  =   2.1176 mW   (88%)
  Net Switching Power  = 280.7435 uW   (12%)
                         ---------
Total Dynamic Power    =   2.3983 mW  (100%)

Cell Leakage Power     =  13.7856 uW


                 Internal         Switching           Leakage            Total
Power Group      Power            Power               Power              Power   (   %    )  Attrs
--------------------------------------------------------------------------------------------------
io_pad             0.0000            0.0000            0.0000            0.0000  (   0.00%)
memory             0.0000            0.0000            0.0000            0.0000  (   0.00%)
black_box          0.0000            0.0000            0.0000            0.0000  (   0.00%)
clock_network      1.4998            0.0000            0.0000            1.4998  (  62.18%)  i
register           0.1341            0.0000        6.9512e+03            0.1410  (   5.85%)
sequential         0.0000            0.0000            0.0000            0.0000  (   0.00%)
combinational      0.4837            0.2807        6.8344e+03            0.7713  (  31.98%)
--------------------------------------------------------------------------------------------------
Total              2.1176 mW         0.2807 mW     1.3786e+04 nW         2.4121 mW
1
