Information: Updating design information... (UID-85)
 
****************************************
Report : qor
Design : reconstruction_stage
Version: X-2025.06-SP5-2
Date   : Thu Aug 27 22:39:50 2026
****************************************


  Timing Path Group 'clk'
  -----------------------------------
  Levels of Logic:              13.00
  Critical Path Length:          0.78
  Critical Path Slack:           0.00
  Critical Path Clk Period:      1.00
  Total Negative Slack:          0.00
  No. of Violating Paths:        0.00
  Worst Hold Violation:          0.00
  Total Hold Violation:          0.00
  No. of Hold Violations:        0.00
  -----------------------------------


  Cell Count
  -----------------------------------
  Hierarchical Cell Count:          1
  Hierarchical Port Count:        126
  Leaf Cell Count:                570
  Buf/Inv Cell Count:             293
  Buf Cell Count:                 156
  Inv Cell Count:                 137
  CT Buf/Inv Cell Count:            0
  Combinational Cell Count:       506
  Sequential Cell Count:           64
  Macro Count:                      0
  -----------------------------------


  Area
  -----------------------------------
  Combinational Area:     1459.522993
  Noncombinational Area:   660.774414
  Buf/Inv Area:            559.405584
  Total Buffer Area:           366.05
  Total Inverter Area:         193.35
  Macro/Black Box Area:      0.000000
  Net Area:                  0.000000
  -----------------------------------
  Cell Area:              2120.297407
  Design Area:            2120.297407


  Design Rules
  -----------------------------------
  Total Number of Nets:           619
  Nets With Violations:           156
  Max Trans Violations:             0
  Max Cap Violations:             156
  -----------------------------------


  Hostname: ece-lnx-10

  Compile CPU Statistics
  -----------------------------------------
  Resource Sharing:                    0.00
  Logic Optimization:                  0.11
  Mapping Optimization:                1.01
  -----------------------------------------
  Overall Compile Time:                4.30
  Overall Compile Wall Clock Time:     4.72

  --------------------------------------------------------------------

  Design  WNS: 0.00  TNS: 0.00  Number of Violating Paths: 0


  Design (Hold)  WNS: 0.00  TNS: 0.00  Number of Violating Paths: 0

  --------------------------------------------------------------------


1
