Information: Propagating switching activity (low effort zero delay simulation). (PWR-6)
 
****************************************
Report : power
        -analysis_effort low
Design : reconstruction_stage
Version: X-2025.06-SP5-2
Date   : Thu Aug 27 22:48:53 2026
****************************************


Library(s) Used:

    gscl45nm (File: /apps/local/FreePDK45/osu_soc/lib/files/gscl45nm.db)


Operating Conditions: typical   Library: gscl45nm
Wire Load Model Mode: top


Global Operating Voltage = 1.1  
Power-specific unit information :
    Voltage Units = 1V
    Capacitance Units = 1.000000pf
    Time Units = 1ns
    Dynamic Power Units = 1mW    (derived from V,C,T units)
    Leakage Power Units = 1nW


Attributes
----------
i - Including register clock pin internal power


  Cell Internal Power  =   5.3148 mW   (82%)
  Net Switching Power  =   1.1825 mW   (18%)
                         ---------
Total Dynamic Power    =   6.4972 mW  (100%)

Cell Leakage Power     =  32.1131 uW


                 Internal         Switching           Leakage            Total
Power Group      Power            Power               Power              Power   (   %    )  Attrs
--------------------------------------------------------------------------------------------------
io_pad             0.0000            0.0000            0.0000            0.0000  (   0.00%)
memory             0.0000            0.0000            0.0000            0.0000  (   0.00%)
black_box          0.0000            0.0000            0.0000            0.0000  (   0.00%)
clock_network      2.9995            0.0000            0.0000            2.9995  (  45.94%)  i
register           0.4642            0.0000        1.3902e+04            0.4781  (   7.32%)
sequential         0.0000            0.0000            0.0000            0.0000  (   0.00%)
combinational      1.8510            1.1825        1.8211e+04            3.0517  (  46.74%)
--------------------------------------------------------------------------------------------------
Total              5.3148 mW         1.1825 mW     3.2113e+04 nW         6.5294 mW
1
