Information: Updating design information... (UID-85)
 
****************************************
Report : qor
Design : reconstruction_stage
Version: X-2025.06-SP5-2
Date   : Thu Aug 27 22:48:53 2026
****************************************


  Timing Path Group 'clk'
  -----------------------------------
  Levels of Logic:              17.00
  Critical Path Length:          0.78
  Critical Path Slack:           0.00
  Critical Path Clk Period:      1.00
  Total Negative Slack:          0.00
  No. of Violating Paths:        0.00
  Worst Hold Violation:          0.00
  Total Hold Violation:          0.00
  No. of Hold Violations:        0.00
  -----------------------------------


  Cell Count
  -----------------------------------
  Hierarchical Cell Count:          1
  Hierarchical Port Count:        254
  Leaf Cell Count:               1467
  Buf/Inv Cell Count:             732
  Buf Cell Count:                 436
  Inv Cell Count:                 296
  CT Buf/Inv Cell Count:            0
  Combinational Cell Count:      1339
  Sequential Cell Count:          128
  Macro Count:                      0
  -----------------------------------


  Area
  -----------------------------------
  Combinational Area:     3906.453179
  Noncombinational Area:  1321.548828
  Buf/Inv Area:           1456.707159
  Total Buffer Area:          1023.07
  Total Inverter Area:         433.63
  Macro/Black Box Area:      0.000000
  Net Area:                  0.000000
  -----------------------------------
  Cell Area:              5228.002007
  Design Area:            5228.002007


  Design Rules
  -----------------------------------
  Total Number of Nets:          1500
  Nets With Violations:           440
  Max Trans Violations:             0
  Max Cap Violations:             440
  -----------------------------------


  Hostname: ece-lnx-10

  Compile CPU Statistics
  -----------------------------------------
  Resource Sharing:                    0.01
  Logic Optimization:                  0.19
  Mapping Optimization:                1.25
  -----------------------------------------
  Overall Compile Time:                8.13
  Overall Compile Wall Clock Time:     8.56

  --------------------------------------------------------------------

  Design  WNS: 0.00  TNS: 0.00  Number of Violating Paths: 0


  Design (Hold)  WNS: 0.00  TNS: 0.00  Number of Violating Paths: 0

  --------------------------------------------------------------------


1
