 
****************************************
Report : area
Design : reconstruction_stage
Version: X-2025.06-SP5-2
Date   : Thu Aug 27 22:41:07 2026
****************************************

Library(s) Used:

    gscl45nm (File: /apps/local/FreePDK45/osu_soc/lib/files/gscl45nm.db)

Number of ports:                          232
Number of nets:                           753
Number of cells:                          610
Number of combinational cells:            544
Number of sequential cells:                64
Number of macros/black boxes:               0
Number of buf/inv:                        303
Number of references:                       5

Combinational area:               1615.799894
Buf/Inv area:                      586.155683
Noncombinational area:             660.774414
Macro/Black Box area:                0.000000
Net Interconnect area:      undefined  (No wire load specified)

Total cell area:                  2276.574308
Total area:                 undefined
1
