Information: Updating design information... (UID-85)
 
****************************************
Report : qor
Design : reconstruction_stage
Version: X-2025.06-SP5-2
Date   : Thu Aug 27 22:41:07 2026
****************************************


  Timing Path Group 'clk'
  -----------------------------------
  Levels of Logic:              12.00
  Critical Path Length:          0.73
  Critical Path Slack:           0.05
  Critical Path Clk Period:      1.00
  Total Negative Slack:          0.00
  No. of Violating Paths:        0.00
  Worst Hold Violation:          0.00
  Total Hold Violation:          0.00
  No. of Hold Violations:        0.00
  -----------------------------------


  Cell Count
  -----------------------------------
  Hierarchical Cell Count:          1
  Hierarchical Port Count:        126
  Leaf Cell Count:                608
  Buf/Inv Cell Count:             303
  Buf Cell Count:                 170
  Inv Cell Count:                 133
  CT Buf/Inv Cell Count:            0
  Combinational Cell Count:       544
  Sequential Cell Count:           64
  Macro Count:                      0
  -----------------------------------


  Area
  -----------------------------------
  Combinational Area:     1615.799894
  Noncombinational Area:   660.774414
  Buf/Inv Area:            586.155683
  Total Buffer Area:           398.90
  Total Inverter Area:         187.25
  Macro/Black Box Area:      0.000000
  Net Area:                  0.000000
  -----------------------------------
  Cell Area:              2276.574308
  Design Area:            2276.574308


  Design Rules
  -----------------------------------
  Total Number of Nets:           651
  Nets With Violations:           170
  Max Trans Violations:             0
  Max Cap Violations:             170
  -----------------------------------


  Hostname: ece-lnx-10

  Compile CPU Statistics
  -----------------------------------------
  Resource Sharing:                    0.01
  Logic Optimization:                  0.12
  Mapping Optimization:                0.99
  -----------------------------------------
  Overall Compile Time:                4.58
  Overall Compile Wall Clock Time:     5.02

  --------------------------------------------------------------------

  Design  WNS: 0.00  TNS: 0.00  Number of Violating Paths: 0


  Design (Hold)  WNS: 0.00  TNS: 0.00  Number of Violating Paths: 0

  --------------------------------------------------------------------


1
