 
****************************************
Report : area
Design : reconstruction_stage
Version: X-2025.06-SP5-2
Date   : Thu Aug 27 22:43:10 2026
****************************************

Library(s) Used:

    gscl45nm (File: /apps/local/FreePDK45/osu_soc/lib/files/gscl45nm.db)

Number of ports:                          223
Number of nets:                           763
Number of cells:                          638
Number of combinational cells:            572
Number of sequential cells:                64
Number of macros/black boxes:               0
Number of buf/inv:                        318
Number of references:                       5

Combinational area:               1652.874591
Buf/Inv area:                      617.598782
Noncombinational area:             660.774414
Macro/Black Box area:                0.000000
Net Interconnect area:      undefined  (No wire load specified)

Total cell area:                  2313.649005
Total area:                 undefined

Hierarchical area distribution
------------------------------

                                  Global cell area          Local cell area
                                  ------------------  ---------------------------- 
Hierarchical cell                 Absolute   Percent  Combi-     Noncombi-  Black-
                                  Total      Total    national   national   boxes   Design
--------------------------------  ---------  -------  ---------  ---------  ------  -----------------------------------
reconstruction_stage              2313.6490    100.0   594.1338   660.7744  0.0000  reconstruction_stage
encoder                           1058.7408     45.8  1058.7408     0.0000  0.0000  systematic_xor_encoder_30_63_792926
--------------------------------  ---------  -------  ---------  ---------  ------  -----------------------------------
Total                                                 1652.8746   660.7744  0.0000

1
