 
****************************************
Report : power
        -hier
        -analysis_effort low
Design : reconstruction_stage
Version: X-2025.06-SP5-2
Date   : Thu Aug 27 21:20:02 2026
****************************************


Library(s) Used:

    gscl45nm (File: /apps/local/FreePDK45/osu_soc/lib/files/gscl45nm.db)


Operating Conditions: typical   Library: gscl45nm
Wire Load Model Mode: top


Global Operating Voltage = 1.1  
Power-specific unit information :
    Voltage Units = 1V
    Capacitance Units = 1.000000pf
    Time Units = 1ns
    Dynamic Power Units = 1mW    (derived from V,C,T units)
    Leakage Power Units = 1nW


--------------------------------------------------------------------------------
                                       Switch   Int      Leak     Total
Hierarchy                              Power    Power    Power    Power    %
--------------------------------------------------------------------------------
reconstruction_stage                   2.77e-03    0.207 1.31e+03    0.211 100.0
  encoder (systematic_xor_encoder_4_7_be7)
                                          0.000    0.000   97.976 9.80e-05   0.0
1
