Information: Updating design information... (UID-85)
 
****************************************
Report : qor
Design : reconstruction_stage
Version: X-2025.06-SP5-2
Date   : Thu Aug 27 21:20:02 2026
****************************************


  Timing Path Group 'clk'
  -----------------------------------
  Levels of Logic:               6.00
  Critical Path Length:          0.21
  Critical Path Slack:           0.57
  Critical Path Clk Period:      1.00
  Total Negative Slack:          0.00
  No. of Violating Paths:        0.00
  Worst Hold Violation:          0.00
  Total Hold Violation:          0.00
  No. of Hold Violations:        0.00
  -----------------------------------


  Cell Count
  -----------------------------------
  Hierarchical Cell Count:          1
  Hierarchical Port Count:         14
  Leaf Cell Count:                 45
  Buf/Inv Cell Count:              25
  Buf Cell Count:                  14
  Inv Cell Count:                  11
  CT Buf/Inv Cell Count:            0
  Combinational Cell Count:        37
  Sequential Cell Count:            8
  Macro Count:                      0
  -----------------------------------


  Area
  -----------------------------------
  Combinational Area:       90.105599
  Noncombinational Area:    82.596802
  Buf/Inv Area:             48.337899
  Total Buffer Area:            32.85
  Total Inverter Area:          15.49
  Macro/Black Box Area:      0.000000
  Net Area:                  0.000000
  -----------------------------------
  Cell Area:               172.702400
  Design Area:             172.702400


  Design Rules
  -----------------------------------
  Total Number of Nets:            53
  Nets With Violations:            14
  Max Trans Violations:             0
  Max Cap Violations:              14
  -----------------------------------


  Hostname: ece-lnx-10

  Compile CPU Statistics
  -----------------------------------------
  Resource Sharing:                    0.00
  Logic Optimization:                  0.04
  Mapping Optimization:                0.28
  -----------------------------------------
  Overall Compile Time:                1.38
  Overall Compile Wall Clock Time:     1.77

  --------------------------------------------------------------------

  Design  WNS: 0.00  TNS: 0.00  Number of Violating Paths: 0


  Design (Hold)  WNS: 0.00  TNS: 0.00  Number of Violating Paths: 0

  --------------------------------------------------------------------


1
