Information: Propagating switching activity (low effort zero delay simulation). (PWR-6)
 
****************************************
Report : power
        -analysis_effort low
Design : reconstruction_stage
Version: X-2025.06-SP5-2
Date   : Thu Aug 27 22:42:16 2026
****************************************


Library(s) Used:

    gscl45nm (File: /apps/local/FreePDK45/osu_soc/lib/files/gscl45nm.db)


Operating Conditions: typical   Library: gscl45nm
Wire Load Model Mode: top


Global Operating Voltage = 1.1  
Power-specific unit information :
    Voltage Units = 1V
    Capacitance Units = 1.000000pf
    Time Units = 1ns
    Dynamic Power Units = 1mW    (derived from V,C,T units)
    Leakage Power Units = 1nW


Attributes
----------
i - Including register clock pin internal power


  Cell Internal Power  =   2.3895 mW   (85%)
  Net Switching Power  = 431.4430 uW   (15%)
                         ---------
Total Dynamic Power    =   2.8210 mW  (100%)

Cell Leakage Power     =  14.8254 uW


                 Internal         Switching           Leakage            Total
Power Group      Power            Power               Power              Power   (   %    )  Attrs
--------------------------------------------------------------------------------------------------
io_pad             0.0000            0.0000            0.0000            0.0000  (   0.00%)
memory             0.0000            0.0000            0.0000            0.0000  (   0.00%)
black_box          0.0000            0.0000            0.0000            0.0000  (   0.00%)
clock_network      1.4998            0.0000            0.0000            1.4998  (  52.89%)  i
register           0.1684            0.0000        6.9512e+03            0.1754  (   6.18%)
sequential         0.0000            0.0000            0.0000            0.0000  (   0.00%)
combinational      0.7214            0.4314        7.8742e+03            1.1607  (  40.93%)
--------------------------------------------------------------------------------------------------
Total              2.3895 mW         0.4314 mW     1.4825e+04 nW         2.8358 mW
1
