Information: Updating design information... (UID-85)
 
****************************************
Report : qor
Design : reconstruction_stage
Version: X-2025.06-SP5-2
Date   : Thu Aug 27 22:42:16 2026
****************************************


  Timing Path Group 'clk'
  -----------------------------------
  Levels of Logic:              13.00
  Critical Path Length:          0.69
  Critical Path Slack:           0.09
  Critical Path Clk Period:      1.00
  Total Negative Slack:          0.00
  No. of Violating Paths:        0.00
  Worst Hold Violation:          0.00
  Total Hold Violation:          0.00
  No. of Hold Violations:        0.00
  -----------------------------------


  Cell Count
  -----------------------------------
  Hierarchical Cell Count:          1
  Hierarchical Port Count:        126
  Leaf Cell Count:                635
  Buf/Inv Cell Count:             319
  Buf Cell Count:                 180
  Inv Cell Count:                 139
  CT Buf/Inv Cell Count:            0
  Combinational Cell Count:       571
  Sequential Cell Count:           64
  Macro Count:                      0
  -----------------------------------


  Area
  -----------------------------------
  Combinational Area:     1692.765094
  Noncombinational Area:   660.774414
  Buf/Inv Area:            618.068082
  Total Buffer Area:           422.37
  Total Inverter Area:         195.70
  Macro/Black Box Area:      0.000000
  Net Area:                  0.000000
  -----------------------------------
  Cell Area:              2353.539508
  Design Area:            2353.539508


  Design Rules
  -----------------------------------
  Total Number of Nets:           675
  Nets With Violations:           180
  Max Trans Violations:             0
  Max Cap Violations:             180
  -----------------------------------


  Hostname: ece-lnx-10

  Compile CPU Statistics
  -----------------------------------------
  Resource Sharing:                    0.01
  Logic Optimization:                  0.12
  Mapping Optimization:                1.02
  -----------------------------------------
  Overall Compile Time:                4.71
  Overall Compile Wall Clock Time:     5.12

  --------------------------------------------------------------------

  Design  WNS: 0.00  TNS: 0.00  Number of Violating Paths: 0


  Design (Hold)  WNS: 0.00  TNS: 0.00  Number of Violating Paths: 0

  --------------------------------------------------------------------


1
