 
****************************************
Report : area
Design : reconstruction_stage
Version: X-2025.06-SP5-2
Date   : Thu Aug 27 22:43:20 2026
****************************************

Library(s) Used:

    gscl45nm (File: /apps/local/FreePDK45/osu_soc/lib/files/gscl45nm.db)

Number of ports:                          223
Number of nets:                           763
Number of cells:                          638
Number of combinational cells:            572
Number of sequential cells:                64
Number of macros/black boxes:               0
Number of buf/inv:                        318
Number of references:                       5

Combinational area:               1652.874591
Buf/Inv area:                      617.598782
Noncombinational area:             660.774414
Macro/Black Box area:                0.000000
Net Interconnect area:      undefined  (No wire load specified)

Total cell area:                  2313.649005
Total area:                 undefined
1
