Information: Propagating switching activity (low effort zero delay simulation). (PWR-6)
 
****************************************
Report : power
        -analysis_effort low
Design : reconstruction_stage
Version: X-2025.06-SP5-2
Date   : Thu Aug 27 22:43:21 2026
****************************************


Library(s) Used:

    gscl45nm (File: /apps/local/FreePDK45/osu_soc/lib/files/gscl45nm.db)


Operating Conditions: typical   Library: gscl45nm
Wire Load Model Mode: top


Global Operating Voltage = 1.1  
Power-specific unit information :
    Voltage Units = 1V
    Capacitance Units = 1.000000pf
    Time Units = 1ns
    Dynamic Power Units = 1mW    (derived from V,C,T units)
    Leakage Power Units = 1nW


Attributes
----------
i - Including register clock pin internal power


  Cell Internal Power  =   2.4032 mW   (85%)
  Net Switching Power  = 413.2105 uW   (15%)
                         ---------
Total Dynamic Power    =   2.8164 mW  (100%)

Cell Leakage Power     =  14.6811 uW


                 Internal         Switching           Leakage            Total
Power Group      Power            Power               Power              Power   (   %    )  Attrs
--------------------------------------------------------------------------------------------------
io_pad             0.0000            0.0000            0.0000            0.0000  (   0.00%)
memory             0.0000            0.0000            0.0000            0.0000  (   0.00%)
black_box          0.0000            0.0000            0.0000            0.0000  (   0.00%)
clock_network      1.4998            0.0000            0.0000            1.4998  (  52.98%)  i
register           0.1866            0.0000        6.9512e+03            0.1935  (   6.84%)
sequential         0.0000            0.0000            0.0000            0.0000  (   0.00%)
combinational      0.7168            0.4132        7.7299e+03            1.1378  (  40.19%)
--------------------------------------------------------------------------------------------------
Total              2.4032 mW         0.4132 mW     1.4681e+04 nW         2.8311 mW
1
