Information: Updating design information... (UID-85)
 
****************************************
Report : qor
Design : reconstruction_stage
Version: X-2025.06-SP5-2
Date   : Thu Aug 27 22:43:20 2026
****************************************


  Timing Path Group 'clk'
  -----------------------------------
  Levels of Logic:              13.00
  Critical Path Length:          0.76
  Critical Path Slack:           0.02
  Critical Path Clk Period:      1.00
  Total Negative Slack:          0.00
  No. of Violating Paths:        0.00
  Worst Hold Violation:          0.00
  Total Hold Violation:          0.00
  No. of Hold Violations:        0.00
  -----------------------------------


  Cell Count
  -----------------------------------
  Hierarchical Cell Count:          1
  Hierarchical Port Count:        126
  Leaf Cell Count:                636
  Buf/Inv Cell Count:             318
  Buf Cell Count:                 181
  Inv Cell Count:                 137
  CT Buf/Inv Cell Count:            0
  Combinational Cell Count:       572
  Sequential Cell Count:           64
  Macro Count:                      0
  -----------------------------------


  Area
  -----------------------------------
  Combinational Area:     1652.874591
  Noncombinational Area:   660.774414
  Buf/Inv Area:            617.598782
  Total Buffer Area:           424.72
  Total Inverter Area:         192.88
  Macro/Black Box Area:      0.000000
  Net Area:                  0.000000
  -----------------------------------
  Cell Area:              2313.649005
  Design Area:            2313.649005


  Design Rules
  -----------------------------------
  Total Number of Nets:           670
  Nets With Violations:           181
  Max Trans Violations:             0
  Max Cap Violations:             181
  -----------------------------------


  Hostname: ece-lnx-10

  Compile CPU Statistics
  -----------------------------------------
  Resource Sharing:                    0.01
  Logic Optimization:                  0.08
  Mapping Optimization:                0.65
  -----------------------------------------
  Overall Compile Time:                4.02
  Overall Compile Wall Clock Time:     4.43

  --------------------------------------------------------------------

  Design  WNS: 0.00  TNS: 0.00  Number of Violating Paths: 0


  Design (Hold)  WNS: 0.00  TNS: 0.00  Number of Violating Paths: 0

  --------------------------------------------------------------------


1
