==============================================================================
ecc-energy  |  sweep=arch (architecture)  |  output=ArchitectureSweep__layers1__features_15_conv_1_0
==============================================================================
  sweeping              : eyeriss_v2_like, eyeriss_like, eyeriss_like_wglb, simple_weight_stationary, simple_output_stationary, simple_input_stationary, simba_like
  holding               : model=mobilenet_v2   code=BCH(63,51) t=2
  approaches            : baseline, embedded, recon
  workload file         : cnn
  layer scope           : one-layer: features.15.conv.1.0
  weight precision      : 8b (the protected payload)
  activation precision  : 8b
  accumulator precision : per architecture, as published (v1 16b, v2 20b, Simba 24b, simple designs 16b)  [primary]
  result phase          : Pre   (mapping is ECC-unaware; the ECC effect is applied during evaluation)
  code                  : BCH(63,51)  t=2  r=12
  weights / codeword    : 6.0000
  DRAM weight inflation : baseline x1.2353 (+23.5%), embedded/recon x1.0
  recon on-chip scale   : 0.8095 (weights only)
  reconstruction        : 4.1296273 pJ per codeword
  recon provenance      : BCH_N63_results.json [BCH_63_51_t2] n=63 k=51 t=2 (incremental+idle): inc=1.8995000 idle=2.2301273
  parity accounting     : grouping=layer, message padding charged
  decode                : 0 pJ for every arm (ECC_DECODE=0; category hidden)
  weak ECC overlay      : off
  arch fidelity         : paper   (archs/<name>/arch_paper.yaml where present)
  arch treatment        : opt-energy__vic20__vicx__alg-random_pruned__ss50__to500__paper   (separate mapper cache)
  level classifier      : instances
  mapper objective      : energy
  mapper                : victory=20 scaling=levels algorithm=random_pruned timeout=500 perms/if=16 search_size=50
  palette / formats     : house / png, pdf @ 400 dpi
  replot only           : False
  cached mapper only    : False
==============================================================================
  globals.yaml: technology=45nm cycle=1e-9 -> globals.yaml
  [layers] mobilenet_v2: 1 of 53 layers  (8,640 of 3,469,760 weights, 0.25% of the model)
           features.15.conv.1.0     C1_M1_R3_S3_P7_Q7_ws1_hs1_G960  weights=8,640
  [scope] one-layer run -- results are written under layers1__features_15_conv_1_0/ and are NOT full-model numbers

########## architecture: eyeriss_v2_like ##########
  source arch_paper.yaml  (paper fidelity, 9 loop levels)  -> victory 40, objective energy
      mapping C1_M1_R3_S3_P7_Q7_ws1_hs1_G960 (victory 40, 4 threads) ...
            5.2s   (this architecture: 1 mapped, 0.1 min so far)
  mobilenet_v2       1/1 layers ok, 0 skipped
  eyeriss_v2_like: 0 cached, 1 newly mapped, 0 failed  [objective=energy victory=40 (9 loop levels) fp=5e1e23a40396]
  mobilenet_v2       raw        46.55 uJ   DRAM weight reads        423,360

########## architecture: eyeriss_like ##########
  source arch_paper.yaml  (paper fidelity, 8 loop levels)  -> victory 20, objective energy
      mapping C1_M1_R3_S3_P7_Q7_ws1_hs1_G960 (victory 20, 4 threads) ...
            3.7s   (this architecture: 1 mapped, 0.1 min so far)
  mobilenet_v2       1/1 layers ok, 0 skipped
  eyeriss_like: 0 cached, 1 newly mapped, 0 failed  [objective=energy victory=20 (8 loop levels) fp=d768164bd293]
  mobilenet_v2       raw        15.09 uJ   DRAM weight reads         60,480

########## architecture: eyeriss_like_wglb ##########
  source arch_paper.yaml  (paper fidelity, 9 loop levels)  -> victory 40, objective energy
      mapping C1_M1_R3_S3_P7_Q7_ws1_hs1_G960 (victory 40, 4 threads) ...
            4.2s   (this architecture: 1 mapped, 0.1 min so far)
  mobilenet_v2       1/1 layers ok, 0 skipped
  eyeriss_like_wglb: 0 cached, 1 newly mapped, 0 failed  [objective=energy victory=40 (9 loop levels) fp=a62f21c04c44]
  mobilenet_v2       raw        18.70 uJ   DRAM weight reads         60,480

########## architecture: simple_weight_stationary ##########
  source arch_paper.yaml  (paper fidelity, 8 loop levels)  -> victory 20, objective energy
      mapping C1_M1_R3_S3_P7_Q7_ws1_hs1_G960 (victory 20, 4 threads) ...
            4.5s   (this architecture: 1 mapped, 0.1 min so far)
  mobilenet_v2       1/1 layers ok, 0 skipped
  simple_weight_stationary: 0 cached, 1 newly mapped, 0 failed  [objective=energy victory=20 (8 loop levels) fp=6d02388fc7b8]
  mobilenet_v2       raw        12.44 uJ   DRAM weight reads          8,640

########## architecture: simple_output_stationary ##########
  source arch_paper.yaml  (paper fidelity, 8 loop levels)  -> victory 20, objective energy
      mapping C1_M1_R3_S3_P7_Q7_ws1_hs1_G960 (victory 20, 4 threads) ...
            4.2s   (this architecture: 1 mapped, 0.1 min so far)
  mobilenet_v2       1/1 layers ok, 0 skipped
  simple_output_stationary: 0 cached, 1 newly mapped, 0 failed  [objective=energy victory=20 (8 loop levels) fp=ff0549e44a87]
  mobilenet_v2       raw        12.64 uJ   DRAM weight reads          8,640

########## architecture: simple_input_stationary ##########
  source arch_paper.yaml  (paper fidelity, 8 loop levels)  -> victory 20, objective energy
      mapping C1_M1_R3_S3_P7_Q7_ws1_hs1_G960 (victory 20, 4 threads) ...
            4.4s   (this architecture: 1 mapped, 0.1 min so far)
  mobilenet_v2       1/1 layers ok, 0 skipped
  simple_input_stationary: 0 cached, 1 newly mapped, 0 failed  [objective=energy victory=20 (8 loop levels) fp=833ba8b529c7]
  mobilenet_v2       raw        11.41 uJ   DRAM weight reads          8,640

########## architecture: simba_like ##########
  source arch_paper.yaml  (paper fidelity, 9 loop levels)  -> victory 40, objective energy
      mapping C1_M1_R3_S3_P7_Q7_ws1_hs1_G960 (victory 40, 4 threads) ...
WARNING:root:Factors given as string "R=1 S=1 P=1 Q=1 N=1". Trying to turn into a list.
WARNING:root:Factors given as string "P=1 Q=1 R=1 S=1 C=1 N=1". Trying to turn into a list.
WARNING:root:Factors given as string "P=1 Q=1 R=1 S=1 M=1 N=1". Trying to turn into a list.
            4.9s   (this architecture: 1 mapped, 0.1 min so far)
  mobilenet_v2       1/1 layers ok, 0 skipped
  simba_like: 0 cached, 1 newly mapped, 0 failed  [objective=energy victory=40 (9 loop levels) fp=ed285cd7006e]
  mobilenet_v2       raw        11.37 uJ   DRAM weight reads          8,640

==============================================================================
Mappings generated and cached. Nothing was evaluated.
  eyeriss_v2_like            fp=5e1e23a40396  ->  /home/workspace/ecc_energy_study/outputs/eyeriss_v2_like/multimodel__opt-energy__vic20__vicx__alg-random_pruned__ss50__to500__paper/fp-5e1e23a40396
  eyeriss_like               fp=d768164bd293  ->  /home/workspace/ecc_energy_study/outputs/eyeriss_like/multimodel__opt-energy__vic20__vicx__alg-random_pruned__ss50__to500__paper/fp-d768164bd293
  eyeriss_like_wglb          fp=a62f21c04c44  ->  /home/workspace/ecc_energy_study/outputs/eyeriss_like_wglb/multimodel__opt-energy__vic20__vicx__alg-random_pruned__ss50__to500__paper/fp-a62f21c04c44
  simple_weight_stationary   fp=6d02388fc7b8  ->  /home/workspace/ecc_energy_study/outputs/simple_weight_stationary/multimodel__opt-energy__vic20__vicx__alg-random_pruned__ss50__to500__paper/fp-6d02388fc7b8
  simple_output_stationary   fp=ff0549e44a87  ->  /home/workspace/ecc_energy_study/outputs/simple_output_stationary/multimodel__opt-energy__vic20__vicx__alg-random_pruned__ss50__to500__paper/fp-ff0549e44a87
  simple_input_stationary    fp=833ba8b529c7  ->  /home/workspace/ecc_energy_study/outputs/simple_input_stationary/multimodel__opt-energy__vic20__vicx__alg-random_pruned__ss50__to500__paper/fp-833ba8b529c7
  simba_like                 fp=ed285cd7006e  ->  /home/workspace/ecc_energy_study/outputs/simba_like/multimodel__opt-energy__vic20__vicx__alg-random_pruned__ss50__to500__paper/fp-ed285cd7006e
Evaluate them with:   bash run.sh baseline --eval
==============================================================================
