Information: Propagating switching activity (low effort zero delay simulation). (PWR-6)
 
****************************************
Report : power
        -analysis_effort low
Design : reconstruction_stage
Version: X-2025.06-SP5-2
Date   : Thu Aug 27 22:40:56 2026
****************************************


Library(s) Used:

    gscl45nm (File: /apps/local/FreePDK45/osu_soc/lib/files/gscl45nm.db)


Operating Conditions: typical   Library: gscl45nm
Wire Load Model Mode: top


Global Operating Voltage = 1.1  
Power-specific unit information :
    Voltage Units = 1V
    Capacitance Units = 1.000000pf
    Time Units = 1ns
    Dynamic Power Units = 1mW    (derived from V,C,T units)
    Leakage Power Units = 1nW


Attributes
----------
i - Including register clock pin internal power


  Cell Internal Power  =   3.3797 mW   (80%)
  Net Switching Power  = 851.0051 uW   (20%)
                         ---------
Total Dynamic Power    =   4.2307 mW  (100%)

Cell Leakage Power     =  14.5299 uW


                 Internal         Switching           Leakage            Total
Power Group      Power            Power               Power              Power   (   %    )  Attrs
--------------------------------------------------------------------------------------------------
io_pad             0.0000            0.0000            0.0000            0.0000  (   0.00%)
memory             0.0000            0.0000            0.0000            0.0000  (   0.00%)
black_box          0.0000            0.0000            0.0000            0.0000  (   0.00%)
clock_network      1.4998            0.0000            0.0000            1.4998  (  35.33%)  i
register           0.6971        3.2355e-02        6.9512e+03            0.7364  (  17.35%)
sequential         0.0000            0.0000            0.0000            0.0000  (   0.00%)
combinational      1.1828            0.8187        7.5786e+03            2.0091  (  47.32%)
--------------------------------------------------------------------------------------------------
Total              3.3797 mW         0.8510 mW     1.4530e+04 nW         4.2452 mW
1
