 
****************************************
Report : area
Design : reconstruction_stage
Version: X-2025.06-SP5-2
Date   : Thu Aug 27 21:19:54 2026
****************************************

Library(s) Used:

    gscl45nm (File: /apps/local/FreePDK45/osu_soc/lib/files/gscl45nm.db)

Number of ports:                           29
Number of nets:                            64
Number of cells:                           47
Number of combinational cells:             37
Number of sequential cells:                 8
Number of macros/black boxes:               0
Number of buf/inv:                         25
Number of references:                       5

Combinational area:                 90.105599
Buf/Inv area:                       48.337899
Noncombinational area:              82.596802
Macro/Black Box area:                0.000000
Net Interconnect area:      undefined  (No wire load specified)

Total cell area:                   172.702400
Total area:                 undefined
1
