Information: Propagating switching activity (low effort zero delay simulation). (PWR-6)
 
****************************************
Report : power
        -analysis_effort low
Design : reconstruction_stage
Version: X-2025.06-SP5-2
Date   : Thu Aug 27 22:42:04 2026
****************************************


Library(s) Used:

    gscl45nm (File: /apps/local/FreePDK45/osu_soc/lib/files/gscl45nm.db)


Operating Conditions: typical   Library: gscl45nm
Wire Load Model Mode: top


Global Operating Voltage = 1.1  
Power-specific unit information :
    Voltage Units = 1V
    Capacitance Units = 1.000000pf
    Time Units = 1ns
    Dynamic Power Units = 1mW    (derived from V,C,T units)
    Leakage Power Units = 1nW


Attributes
----------
i - Including register clock pin internal power


  Cell Internal Power  =   3.4606 mW   (80%)
  Net Switching Power  = 868.5554 uW   (20%)
                         ---------
Total Dynamic Power    =   4.3292 mW  (100%)

Cell Leakage Power     =  14.8254 uW


                 Internal         Switching           Leakage            Total
Power Group      Power            Power               Power              Power   (   %    )  Attrs
--------------------------------------------------------------------------------------------------
io_pad             0.0000            0.0000            0.0000            0.0000  (   0.00%)
memory             0.0000            0.0000            0.0000            0.0000  (   0.00%)
black_box          0.0000            0.0000            0.0000            0.0000  (   0.00%)
clock_network      1.4998            0.0000            0.0000            1.4998  (  34.52%)  i
register           0.7341        3.4002e-02        6.9512e+03            0.7751  (  17.84%)
sequential         0.0000            0.0000            0.0000            0.0000  (   0.00%)
combinational      1.2268            0.8346        7.8742e+03            2.0692  (  47.63%)
--------------------------------------------------------------------------------------------------
Total              3.4606 mW         0.8686 mW     1.4825e+04 nW         4.3440 mW
1
