Information: Propagating switching activity (low effort zero delay simulation). (PWR-6)
 
****************************************
Report : power
        -analysis_effort low
Design : reconstruction_stage
Version: X-2025.06-SP5-2
Date   : Thu Aug 27 22:46:26 2026
****************************************


Library(s) Used:

    gscl45nm (File: /apps/local/FreePDK45/osu_soc/lib/files/gscl45nm.db)


Operating Conditions: typical   Library: gscl45nm
Wire Load Model Mode: top


Global Operating Voltage = 1.1  
Power-specific unit information :
    Voltage Units = 1V
    Capacitance Units = 1.000000pf
    Time Units = 1ns
    Dynamic Power Units = 1mW    (derived from V,C,T units)
    Leakage Power Units = 1nW


Attributes
----------
i - Including register clock pin internal power


  Cell Internal Power  =   6.3503 mW   (76%)
  Net Switching Power  =   1.9624 mW   (24%)
                         ---------
Total Dynamic Power    =   8.3127 mW  (100%)

Cell Leakage Power     =  37.8611 uW


                 Internal         Switching           Leakage            Total
Power Group      Power            Power               Power              Power   (   %    )  Attrs
--------------------------------------------------------------------------------------------------
io_pad             0.0000            0.0000            0.0000            0.0000  (   0.00%)
memory             0.0000            0.0000            0.0000            0.0000  (   0.00%)
black_box          0.0000            0.0000            0.0000            0.0000  (   0.00%)
clock_network      2.9995            0.0000            0.0000            2.9995  (  35.92%)  i
register           0.3806            0.0000        1.3902e+04            0.3946  (   4.72%)
sequential         0.0000            0.0000            0.0000            0.0000  (   0.00%)
combinational      2.9701            1.9624        2.3959e+04            4.9565  (  59.36%)
--------------------------------------------------------------------------------------------------
Total              6.3503 mW         1.9624 mW     3.7861e+04 nW         8.3505 mW
1
