Information: Updating design information... (UID-85)
 
****************************************
Report : qor
Design : reconstruction_stage
Version: X-2025.06-SP5-2
Date   : Thu Aug 27 22:46:26 2026
****************************************


  Timing Path Group 'clk'
  -----------------------------------
  Levels of Logic:              17.00
  Critical Path Length:          0.78
  Critical Path Slack:           0.00
  Critical Path Clk Period:      1.00
  Total Negative Slack:          0.00
  No. of Violating Paths:        0.00
  Worst Hold Violation:          0.00
  Total Hold Violation:          0.00
  No. of Hold Violations:        0.00
  -----------------------------------


  Cell Count
  -----------------------------------
  Hierarchical Cell Count:          1
  Hierarchical Port Count:        254
  Leaf Cell Count:               1754
  Buf/Inv Cell Count:             820
  Buf Cell Count:                 446
  Inv Cell Count:                 374
  CT Buf/Inv Cell Count:            0
  Combinational Cell Count:      1626
  Sequential Cell Count:          128
  Macro Count:                      0
  -----------------------------------


  Area
  -----------------------------------
  Combinational Area:     5068.909288
  Noncombinational Area:  1321.548828
  Buf/Inv Area:           1606.883156
  Total Buffer Area:          1047.48
  Total Inverter Area:         559.41
  Macro/Black Box Area:      0.000000
  Net Area:                  0.000000
  -----------------------------------
  Cell Area:              6390.458117
  Design Area:            6390.458117


  Design Rules
  -----------------------------------
  Total Number of Nets:          1829
  Nets With Violations:           449
  Max Trans Violations:             0
  Max Cap Violations:             449
  -----------------------------------


  Hostname: ece-lnx-10

  Compile CPU Statistics
  -----------------------------------------
  Resource Sharing:                    0.02
  Logic Optimization:                  0.23
  Mapping Optimization:                1.45
  -----------------------------------------
  Overall Compile Time:               10.42
  Overall Compile Wall Clock Time:    10.87

  --------------------------------------------------------------------

  Design  WNS: 0.00  TNS: 0.00  Number of Violating Paths: 0


  Design (Hold)  WNS: 0.00  TNS: 0.00  Number of Violating Paths: 0

  --------------------------------------------------------------------


1
