Information: Propagating switching activity (low effort zero delay simulation). (PWR-6)
 
****************************************
Report : power
        -analysis_effort low
Design : reconstruction_stage
Version: X-2025.06-SP5-2
Date   : Fri Sep  4 13:12:17 2026
****************************************


Library(s) Used:

    gscl45nm (File: /apps/local/FreePDK45/osu_soc/lib/files/gscl45nm.db)


Operating Conditions: typical   Library: gscl45nm
Wire Load Model Mode: top


Global Operating Voltage = 1.1  
Power-specific unit information :
    Voltage Units = 1V
    Capacitance Units = 1.000000pf
    Time Units = 1ns
    Dynamic Power Units = 1mW    (derived from V,C,T units)
    Leakage Power Units = 1nW


Attributes
----------
i - Including register clock pin internal power


  Cell Internal Power  =   1.9987 mW   (90%)
  Net Switching Power  = 218.1478 uW   (10%)
                         ---------
Total Dynamic Power    =   2.2168 mW  (100%)

Cell Leakage Power     =  13.3273 uW


                 Internal         Switching           Leakage            Total
Power Group      Power            Power               Power              Power   (   %    )  Attrs
--------------------------------------------------------------------------------------------------
io_pad             0.0000            0.0000            0.0000            0.0000  (   0.00%)
memory             0.0000            0.0000            0.0000            0.0000  (   0.00%)
black_box          0.0000            0.0000            0.0000            0.0000  (   0.00%)
clock_network      1.4998            0.0000            0.0000            1.4998  (  67.25%)  i
register           0.1167            0.0000        6.9512e+03            0.1237  (   5.55%)
sequential         0.0000            0.0000            0.0000            0.0000  (   0.00%)
combinational      0.3822            0.2181        6.3760e+03            0.6067  (  27.21%)
--------------------------------------------------------------------------------------------------
Total              1.9987 mW         0.2181 mW     1.3327e+04 nW         2.2302 mW
1
