 
****************************************
Report : area
Design : reconstruction_stage
Version: X-2025.06-SP5-2
Date   : Thu Aug 27 22:38:38 2026
****************************************

Library(s) Used:

    gscl45nm (File: /apps/local/FreePDK45/osu_soc/lib/files/gscl45nm.db)

Number of ports:                          250
Number of nets:                           633
Number of cells:                          454
Number of combinational cells:            388
Number of sequential cells:                64
Number of macros/black boxes:               0
Number of buf/inv:                        241
Number of references:                       5

Combinational area:               1111.771694
Buf/Inv area:                      464.137687
Noncombinational area:             660.774414
Macro/Black Box area:                0.000000
Net Interconnect area:      undefined  (No wire load specified)

Total cell area:                  1772.546108
Total area:                 undefined
1
