2026-09-14T06:10:55Z	EnvReorganisation phase 2: eight knobs deleted from the record (phase, recon_decode_site, recon_onchip_fraction, recon_placement_charges_decode, recon_require_group_residency, recon_stem, depth_sweep_gate_victories, depth_sweep_gate_scales); prose: the banner's result-phase row, the codec note that named ECC_RECON_DECODE_SITE, and the run-id config hash that follows the record. Every number identical.
	  NUMBERS MOVED (always red): 0
	  RECORD keys added/removed (no number in them): 64
	    baseline/evaluation/Pre/eyeriss_like_wglb/resnet18/bch63_39/w8a8/layers-full/map-edp-vic2000l-linear_pruned-seednone-ssnone-perm16/result.json/provenance/config/depth_sweep_gate_scales: golden only
	    baseline/evaluation/Pre/eyeriss_like_wglb/resnet18/bch63_39/w8a8/layers-full/map-edp-vic2000l-linear_pruned-seednone-ssnone-perm16/result.json/provenance/config/depth_sweep_gate_victories: golden only
	    baseline/evaluation/Pre/eyeriss_like_wglb/resnet18/bch63_39/w8a8/layers-full/map-edp-vic2000l-linear_pruned-seednone-ssnone-perm16/result.json/provenance/config/phase: golden only
	    baseline/evaluation/Pre/eyeriss_like_wglb/resnet18/bch63_39/w8a8/layers-full/map-edp-vic2000l-linear_pruned-seednone-ssnone-perm16/result.json/provenance/config/recon_decode_site: golden only
	    baseline/evaluation/Pre/eyeriss_like_wglb/resnet18/bch63_39/w8a8/layers-full/map-edp-vic2000l-linear_pruned-seednone-ssnone-perm16/result.json/provenance/config/recon_onchip_fraction: golden only
	    baseline/evaluation/Pre/eyeriss_like_wglb/resnet18/bch63_39/w8a8/layers-full/map-edp-vic2000l-linear_pruned-seednone-ssnone-perm16/result.json/provenance/config/recon_placement_charges_decode: golden only
	    baseline/evaluation/Pre/eyeriss_like_wglb/resnet18/bch63_39/w8a8/layers-full/map-edp-vic2000l-linear_pruned-seednone-ssnone-perm16/result.json/provenance/config/recon_require_group_residency: golden only
	    baseline/evaluation/Pre/eyeriss_like_wglb/resnet18/bch63_39/w8a8/layers-full/map-edp-vic2000l-linear_pruned-seednone-ssnone-perm16/result.json/provenance/config/recon_stem: golden only
	    diagnose/manifests/diagnose.json/config/depth_sweep_gate_scales: golden only
	    diagnose/manifests/diagnose.json/config/depth_sweep_gate_victories: golden only
	    diagnose/manifests/diagnose.json/config/phase: golden only
	    diagnose/manifests/diagnose.json/config/recon_decode_site: golden only
	    diagnose/manifests/diagnose.json/config/recon_onchip_fraction: golden only
	    diagnose/manifests/diagnose.json/config/recon_placement_charges_decode: golden only
	    diagnose/manifests/diagnose.json/config/recon_require_group_residency: golden only
	    diagnose/manifests/diagnose.json/config/recon_stem: golden only
	    embedded/evaluation/Pre/eyeriss_like_wglb/resnet18/bch63_39/w8a8/layers-full/map-edp-vic2000l-linear_pruned-seednone-ssnone-perm16/result.json/provenance/config/depth_sweep_gate_scales: golden only
	    embedded/evaluation/Pre/eyeriss_like_wglb/resnet18/bch63_39/w8a8/layers-full/map-edp-vic2000l-linear_pruned-seednone-ssnone-perm16/result.json/provenance/config/depth_sweep_gate_victories: golden only
	    embedded/evaluation/Pre/eyeriss_like_wglb/resnet18/bch63_39/w8a8/layers-full/map-edp-vic2000l-linear_pruned-seednone-ssnone-perm16/result.json/provenance/config/phase: golden only
	    embedded/evaluation/Pre/eyeriss_like_wglb/resnet18/bch63_39/w8a8/layers-full/map-edp-vic2000l-linear_pruned-seednone-ssnone-perm16/result.json/provenance/config/recon_decode_site: golden only
	    embedded/evaluation/Pre/eyeriss_like_wglb/resnet18/bch63_39/w8a8/layers-full/map-edp-vic2000l-linear_pruned-seednone-ssnone-perm16/result.json/provenance/config/recon_onchip_fraction: golden only
	    embedded/evaluation/Pre/eyeriss_like_wglb/resnet18/bch63_39/w8a8/layers-full/map-edp-vic2000l-linear_pruned-seednone-ssnone-perm16/result.json/provenance/config/recon_placement_charges_decode: golden only
	    embedded/evaluation/Pre/eyeriss_like_wglb/resnet18/bch63_39/w8a8/layers-full/map-edp-vic2000l-linear_pruned-seednone-ssnone-perm16/result.json/provenance/config/recon_require_group_residency: golden only
	    embedded/evaluation/Pre/eyeriss_like_wglb/resnet18/bch63_39/w8a8/layers-full/map-edp-vic2000l-linear_pruned-seednone-ssnone-perm16/result.json/provenance/config/recon_stem: golden only
	    recon_default/evaluation/Post/eyeriss_like_wglb/resnet18/bch63_39/w8a8/layers-full/map-edp-vic2000l-linear_pruned-seednone-ssnone-perm16/result.json/provenance/config/depth_sweep_gate_scales: golden only
	    recon_default/evaluation/Post/eyeriss_like_wglb/resnet18/bch63_39/w8a8/layers-full/map-edp-vic2000l-linear_pruned-seednone-ssnone-perm16/result.json/provenance/config/depth_sweep_gate_victories: golden only
	    recon_default/evaluation/Post/eyeriss_like_wglb/resnet18/bch63_39/w8a8/layers-full/map-edp-vic2000l-linear_pruned-seednone-ssnone-perm16/result.json/provenance/config/phase: golden only
	    recon_default/evaluation/Post/eyeriss_like_wglb/resnet18/bch63_39/w8a8/layers-full/map-edp-vic2000l-linear_pruned-seednone-ssnone-perm16/result.json/provenance/config/recon_decode_site: golden only
	    recon_default/evaluation/Post/eyeriss_like_wglb/resnet18/bch63_39/w8a8/layers-full/map-edp-vic2000l-linear_pruned-seednone-ssnone-perm16/result.json/provenance/config/recon_onchip_fraction: golden only
	    recon_default/evaluation/Post/eyeriss_like_wglb/resnet18/bch63_39/w8a8/layers-full/map-edp-vic2000l-linear_pruned-seednone-ssnone-perm16/result.json/provenance/config/recon_placement_charges_decode: golden only
	    recon_default/evaluation/Post/eyeriss_like_wglb/resnet18/bch63_39/w8a8/layers-full/map-edp-vic2000l-linear_pruned-seednone-ssnone-perm16/result.json/provenance/config/recon_require_group_residency: golden only
	    recon_default/evaluation/Post/eyeriss_like_wglb/resnet18/bch63_39/w8a8/layers-full/map-edp-vic2000l-linear_pruned-seednone-ssnone-perm16/result.json/provenance/config/recon_stem: golden only
	    recon_default/manifests/ReconSweep_optimiser__resnet18.json/config/depth_sweep_gate_scales: golden only
	    recon_default/manifests/ReconSweep_optimiser__resnet18.json/config/depth_sweep_gate_victories: golden only
	    recon_default/manifests/ReconSweep_optimiser__resnet18.json/config/phase: golden only
	    recon_default/manifests/ReconSweep_optimiser__resnet18.json/config/recon_decode_site: golden only
	    recon_default/manifests/ReconSweep_optimiser__resnet18.json/config/recon_onchip_fraction: golden only
	    recon_default/manifests/ReconSweep_optimiser__resnet18.json/config/recon_placement_charges_decode: golden only
	    recon_default/manifests/ReconSweep_optimiser__resnet18.json/config/recon_require_group_residency: golden only
	    recon_default/manifests/ReconSweep_optimiser__resnet18.json/config/recon_stem: golden only
	    recon_ert/evaluation/Post/eyeriss_like_wglb/resnet18/bch63_39/w8a8/layers-full/map-edp-vic2000l-linear_pruned-seednone-ssnone-perm16/result.json/provenance/config/depth_sweep_gate_scales: golden only
	    recon_ert/evaluation/Post/eyeriss_like_wglb/resnet18/bch63_39/w8a8/layers-full/map-edp-vic2000l-linear_pruned-seednone-ssnone-perm16/result.json/provenance/config/depth_sweep_gate_victories: golden only
	    recon_ert/evaluation/Post/eyeriss_like_wglb/resnet18/bch63_39/w8a8/layers-full/map-edp-vic2000l-linear_pruned-seednone-ssnone-perm16/result.json/provenance/config/phase: golden only
	    recon_ert/evaluation/Post/eyeriss_like_wglb/resnet18/bch63_39/w8a8/layers-full/map-edp-vic2000l-linear_pruned-seednone-ssnone-perm16/result.json/provenance/config/recon_decode_site: golden only
	    recon_ert/evaluation/Post/eyeriss_like_wglb/resnet18/bch63_39/w8a8/layers-full/map-edp-vic2000l-linear_pruned-seednone-ssnone-perm16/result.json/provenance/config/recon_onchip_fraction: golden only
	    recon_ert/evaluation/Post/eyeriss_like_wglb/resnet18/bch63_39/w8a8/layers-full/map-edp-vic2000l-linear_pruned-seednone-ssnone-perm16/result.json/provenance/config/recon_placement_charges_decode: golden only
	    recon_ert/evaluation/Post/eyeriss_like_wglb/resnet18/bch63_39/w8a8/layers-full/map-edp-vic2000l-linear_pruned-seednone-ssnone-perm16/result.json/provenance/config/recon_require_group_residency: golden only
	    recon_ert/evaluation/Post/eyeriss_like_wglb/resnet18/bch63_39/w8a8/layers-full/map-edp-vic2000l-linear_pruned-seednone-ssnone-perm16/result.json/provenance/config/recon_stem: golden only
	    recon_ert/manifests/ReconSweep_optimiser__resnet18.json/config/depth_sweep_gate_scales: golden only
	    recon_ert/manifests/ReconSweep_optimiser__resnet18.json/config/depth_sweep_gate_victories: golden only
	    recon_ert/manifests/ReconSweep_optimiser__resnet18.json/config/phase: golden only
	    recon_ert/manifests/ReconSweep_optimiser__resnet18.json/config/recon_decode_site: golden only
	    recon_ert/manifests/ReconSweep_optimiser__resnet18.json/config/recon_onchip_fraction: golden only
	    recon_ert/manifests/ReconSweep_optimiser__resnet18.json/config/recon_placement_charges_decode: golden only
	    recon_ert/manifests/ReconSweep_optimiser__resnet18.json/config/recon_require_group_residency: golden only
	    recon_ert/manifests/ReconSweep_optimiser__resnet18.json/config/recon_stem: golden only
	    validate/manifests/validate.json/config/depth_sweep_gate_scales: golden only
	    validate/manifests/validate.json/config/depth_sweep_gate_victories: golden only
	    validate/manifests/validate.json/config/phase: golden only
	    validate/manifests/validate.json/config/recon_decode_site: golden only
	    ... and 4 more
	  PROSE (strings, text lines): 26
	    baseline.txt:12: 1 line(s) reworded, numbers identical
	    baseline/evaluation/Pre/eyeriss_like_wglb/resnet18/bch63_39/w8a8/layers-full/map-edp-vic2000l-linear_pruned-seednone-ssnone-perm16/result.json/provenance/config_hash: 'cfd6baf0' -> '226f21d4'
	    diagnose.txt:12: 1 line(s) reworded, numbers identical
	    embedded.txt:12: 1 line(s) reworded, numbers identical
	    embedded/evaluation/Pre/eyeriss_like_wglb/resnet18/bch63_39/w8a8/layers-full/map-edp-vic2000l-linear_pruned-seednone-ssnone-perm16/result.json/provenance/config_hash: '9fc6f662' -> '95473f64'
	    recon_default.txt:12: 1 line(s) reworded, numbers identical
	    recon_default/evaluation/Post/eyeriss_like_wglb/resnet18/bch63_39/w8a8/layers-full/map-edp-vic2000l-linear_pruned-seednone-ssnone-perm16/result.json/approximations[4]: 'ECC codec (decode/correction) energy is OUTSIDE this comparison unless' -> 'ECC codec (decode/correction) energy is OUTSIDE this comparison unless'
	    recon_default/evaluation/Post/eyeriss_like_wglb/resnet18/bch63_39/w8a8/layers-full/map-edp-vic2000l-linear_pruned-seednone-ssnone-perm16/result.json/provenance/config_hash: '3d5d2ddc' -> '46def58a'
	    recon_default/evaluation/Post/eyeriss_like_wglb/resnet18/bch63_39/w8a8/layers-full/map-edp-vic2000l-linear_pruned-seednone-ssnone-perm16/result.json/variants[0]/detail/ecc_codec_energy: 'ECC codec (decode/correction) energy is OUTSIDE this comparison unless' -> 'ECC codec (decode/correction) energy is OUTSIDE this comparison unless'
	    recon_default/evaluation/Post/eyeriss_like_wglb/resnet18/bch63_39/w8a8/layers-full/map-edp-vic2000l-linear_pruned-seednone-ssnone-perm16/result.json/variants[1]/detail/ecc_codec_energy: 'ECC codec (decode/correction) energy is OUTSIDE this comparison unless' -> 'ECC codec (decode/correction) energy is OUTSIDE this comparison unless'
	    recon_default/evaluation/Post/eyeriss_like_wglb/resnet18/bch63_39/w8a8/layers-full/map-edp-vic2000l-linear_pruned-seednone-ssnone-perm16/result.json/variants[2]/detail/ecc_codec_energy: 'ECC codec (decode/correction) energy is OUTSIDE this comparison unless' -> 'ECC codec (decode/correction) energy is OUTSIDE this comparison unless'
	    recon_default/evaluation/Post/eyeriss_like_wglb/resnet18/bch63_39/w8a8/layers-full/map-edp-vic2000l-linear_pruned-seednone-ssnone-perm16/result.json/variants[3]/detail/ecc_codec_energy: 'ECC codec (decode/correction) energy is OUTSIDE this comparison unless' -> 'ECC codec (decode/correction) energy is OUTSIDE this comparison unless'
	    recon_default/evaluation/Post/eyeriss_like_wglb/resnet18/bch63_39/w8a8/layers-full/map-edp-vic2000l-linear_pruned-seednone-ssnone-perm16/result.json/variants[4]/detail/ecc_codec_energy: 'ECC codec (decode/correction) energy is OUTSIDE this comparison unless' -> 'ECC codec (decode/correction) energy is OUTSIDE this comparison unless'
	    recon_default/evaluation/Post/eyeriss_like_wglb/resnet18/bch63_39/w8a8/layers-full/map-edp-vic2000l-linear_pruned-seednone-ssnone-perm16/result.json/variants[5]/detail/ecc_codec_energy: 'ECC codec (decode/correction) energy is OUTSIDE this comparison unless' -> 'ECC codec (decode/correction) energy is OUTSIDE this comparison unless'
	    recon_default/evaluation/Post/eyeriss_like_wglb/resnet18/bch63_39/w8a8/layers-full/map-edp-vic2000l-linear_pruned-seednone-ssnone-perm16/result.json/variants[6]/detail/ecc_codec_energy: 'ECC codec (decode/correction) energy is OUTSIDE this comparison unless' -> 'ECC codec (decode/correction) energy is OUTSIDE this comparison unless'
	    recon_ert.txt:12: 1 line(s) reworded, numbers identical
	    recon_ert/evaluation/Post/eyeriss_like_wglb/resnet18/bch63_39/w8a8/layers-full/map-edp-vic2000l-linear_pruned-seednone-ssnone-perm16/result.json/approximations[4]: 'ECC codec (decode/correction) energy is OUTSIDE this comparison unless' -> 'ECC codec (decode/correction) energy is OUTSIDE this comparison unless'
	    recon_ert/evaluation/Post/eyeriss_like_wglb/resnet18/bch63_39/w8a8/layers-full/map-edp-vic2000l-linear_pruned-seednone-ssnone-perm16/result.json/provenance/config_hash: '3d5d2ddc' -> '46def58a'
	    recon_ert/evaluation/Post/eyeriss_like_wglb/resnet18/bch63_39/w8a8/layers-full/map-edp-vic2000l-linear_pruned-seednone-ssnone-perm16/result.json/variants[0]/detail/ecc_codec_energy: 'ECC codec (decode/correction) energy is OUTSIDE this comparison unless' -> 'ECC codec (decode/correction) energy is OUTSIDE this comparison unless'
	    recon_ert/evaluation/Post/eyeriss_like_wglb/resnet18/bch63_39/w8a8/layers-full/map-edp-vic2000l-linear_pruned-seednone-ssnone-perm16/result.json/variants[1]/detail/ecc_codec_energy: 'ECC codec (decode/correction) energy is OUTSIDE this comparison unless' -> 'ECC codec (decode/correction) energy is OUTSIDE this comparison unless'
	    recon_ert/evaluation/Post/eyeriss_like_wglb/resnet18/bch63_39/w8a8/layers-full/map-edp-vic2000l-linear_pruned-seednone-ssnone-perm16/result.json/variants[2]/detail/ecc_codec_energy: 'ECC codec (decode/correction) energy is OUTSIDE this comparison unless' -> 'ECC codec (decode/correction) energy is OUTSIDE this comparison unless'
	    recon_ert/evaluation/Post/eyeriss_like_wglb/resnet18/bch63_39/w8a8/layers-full/map-edp-vic2000l-linear_pruned-seednone-ssnone-perm16/result.json/variants[3]/detail/ecc_codec_energy: 'ECC codec (decode/correction) energy is OUTSIDE this comparison unless' -> 'ECC codec (decode/correction) energy is OUTSIDE this comparison unless'
	    recon_ert/evaluation/Post/eyeriss_like_wglb/resnet18/bch63_39/w8a8/layers-full/map-edp-vic2000l-linear_pruned-seednone-ssnone-perm16/result.json/variants[4]/detail/ecc_codec_energy: 'ECC codec (decode/correction) energy is OUTSIDE this comparison unless' -> 'ECC codec (decode/correction) energy is OUTSIDE this comparison unless'
	    recon_ert/evaluation/Post/eyeriss_like_wglb/resnet18/bch63_39/w8a8/layers-full/map-edp-vic2000l-linear_pruned-seednone-ssnone-perm16/result.json/variants[5]/detail/ecc_codec_energy: 'ECC codec (decode/correction) energy is OUTSIDE this comparison unless' -> 'ECC codec (decode/correction) energy is OUTSIDE this comparison unless'
	    recon_ert/evaluation/Post/eyeriss_like_wglb/resnet18/bch63_39/w8a8/layers-full/map-edp-vic2000l-linear_pruned-seednone-ssnone-perm16/result.json/variants[6]/detail/ecc_codec_energy: 'ECC codec (decode/correction) energy is OUTSIDE this comparison unless' -> 'ECC codec (decode/correction) energy is OUTSIDE this comparison unless'
	    validate.txt:12: 1 line(s) reworded, numbers identical
	  verdict: record/prose only -- every number identical. Read the lists,
	           then record it:  bash restructure/gate.sh --accept-record '<why>'
2026-09-14T07:29:03Z	EnvReorganisation phase 3 -- ONE LAUNCHER. Every fingerprint (302 rows) and EVERY NUMBER identical; the classifier reports 0 numbers moved. RECORD: 4 keys deleted from the config of all 8 result/manifest files -- recon_modeling, recon_optimizer, recon_placement_keys, recon_layer, exactly the four ReconSettings fields this phase removes (the mode is reconN in ECC_APPROACHES, the optimiser is a constant True property, the boundaries come from placements.yaml, the scope is ECC_LAYERS) -- and 1 key ADDED, layers_by_model, the per-model spelling of ECC_LAYERS (empty at every default). PROSE: sweep 'arch' -> 'fix' and swept_axis with it, because ECC_SWEEP=fix now IS the placement study; the derived config_hash follows those keys; the banner's axis line and its 'sweeping' row (eyeriss_like_wglb -> the arms, which is what a point sweep compares); and on the baseline/embedded stages only, stem/stem_override 'ReconSweep__resnet18' -> 'ReconSweep_optimiser__resnet18', because snapshot.py's RECON_OPTIMIZER=False override is dead and no longer shortens the name. No file appeared or vanished. Smoked on one real SLURM job (42084595, the cached reference unit eyeriss_like_wglb/resnet18/K39/x1/conv1): cache hit, fp-2db6a4d92ff5, 8 seconds.
	  NUMBERS MOVED (always red): 0
	  RECORD keys added/removed (no number in them): 40
	    baseline/evaluation/Pre/eyeriss_like_wglb/resnet18/bch63_39/w8a8/layers-full/map-edp-vic2000l-linear_pruned-seednone-ssnone-perm16/result.json/provenance/config/layers_by_model: fresh only
	    baseline/evaluation/Pre/eyeriss_like_wglb/resnet18/bch63_39/w8a8/layers-full/map-edp-vic2000l-linear_pruned-seednone-ssnone-perm16/result.json/provenance/config/recon_layer: golden only
	    baseline/evaluation/Pre/eyeriss_like_wglb/resnet18/bch63_39/w8a8/layers-full/map-edp-vic2000l-linear_pruned-seednone-ssnone-perm16/result.json/provenance/config/recon_modeling: golden only
	    baseline/evaluation/Pre/eyeriss_like_wglb/resnet18/bch63_39/w8a8/layers-full/map-edp-vic2000l-linear_pruned-seednone-ssnone-perm16/result.json/provenance/config/recon_optimizer: golden only
	    baseline/evaluation/Pre/eyeriss_like_wglb/resnet18/bch63_39/w8a8/layers-full/map-edp-vic2000l-linear_pruned-seednone-ssnone-perm16/result.json/provenance/config/recon_placement_keys: golden only
	    diagnose/manifests/diagnose.json/config/layers_by_model: fresh only
	    diagnose/manifests/diagnose.json/config/recon_layer: golden only
	    diagnose/manifests/diagnose.json/config/recon_modeling: golden only
	    diagnose/manifests/diagnose.json/config/recon_optimizer: golden only
	    diagnose/manifests/diagnose.json/config/recon_placement_keys: golden only
	    embedded/evaluation/Pre/eyeriss_like_wglb/resnet18/bch63_39/w8a8/layers-full/map-edp-vic2000l-linear_pruned-seednone-ssnone-perm16/result.json/provenance/config/layers_by_model: fresh only
	    embedded/evaluation/Pre/eyeriss_like_wglb/resnet18/bch63_39/w8a8/layers-full/map-edp-vic2000l-linear_pruned-seednone-ssnone-perm16/result.json/provenance/config/recon_layer: golden only
	    embedded/evaluation/Pre/eyeriss_like_wglb/resnet18/bch63_39/w8a8/layers-full/map-edp-vic2000l-linear_pruned-seednone-ssnone-perm16/result.json/provenance/config/recon_modeling: golden only
	    embedded/evaluation/Pre/eyeriss_like_wglb/resnet18/bch63_39/w8a8/layers-full/map-edp-vic2000l-linear_pruned-seednone-ssnone-perm16/result.json/provenance/config/recon_optimizer: golden only
	    embedded/evaluation/Pre/eyeriss_like_wglb/resnet18/bch63_39/w8a8/layers-full/map-edp-vic2000l-linear_pruned-seednone-ssnone-perm16/result.json/provenance/config/recon_placement_keys: golden only
	    recon_default/evaluation/Post/eyeriss_like_wglb/resnet18/bch63_39/w8a8/layers-full/map-edp-vic2000l-linear_pruned-seednone-ssnone-perm16/result.json/provenance/config/layers_by_model: fresh only
	    recon_default/evaluation/Post/eyeriss_like_wglb/resnet18/bch63_39/w8a8/layers-full/map-edp-vic2000l-linear_pruned-seednone-ssnone-perm16/result.json/provenance/config/recon_layer: golden only
	    recon_default/evaluation/Post/eyeriss_like_wglb/resnet18/bch63_39/w8a8/layers-full/map-edp-vic2000l-linear_pruned-seednone-ssnone-perm16/result.json/provenance/config/recon_modeling: golden only
	    recon_default/evaluation/Post/eyeriss_like_wglb/resnet18/bch63_39/w8a8/layers-full/map-edp-vic2000l-linear_pruned-seednone-ssnone-perm16/result.json/provenance/config/recon_optimizer: golden only
	    recon_default/evaluation/Post/eyeriss_like_wglb/resnet18/bch63_39/w8a8/layers-full/map-edp-vic2000l-linear_pruned-seednone-ssnone-perm16/result.json/provenance/config/recon_placement_keys: golden only
	    recon_default/manifests/ReconSweep_optimiser__resnet18.json/config/layers_by_model: fresh only
	    recon_default/manifests/ReconSweep_optimiser__resnet18.json/config/recon_layer: golden only
	    recon_default/manifests/ReconSweep_optimiser__resnet18.json/config/recon_modeling: golden only
	    recon_default/manifests/ReconSweep_optimiser__resnet18.json/config/recon_optimizer: golden only
	    recon_default/manifests/ReconSweep_optimiser__resnet18.json/config/recon_placement_keys: golden only
	    recon_ert/evaluation/Post/eyeriss_like_wglb/resnet18/bch63_39/w8a8/layers-full/map-edp-vic2000l-linear_pruned-seednone-ssnone-perm16/result.json/provenance/config/layers_by_model: fresh only
	    recon_ert/evaluation/Post/eyeriss_like_wglb/resnet18/bch63_39/w8a8/layers-full/map-edp-vic2000l-linear_pruned-seednone-ssnone-perm16/result.json/provenance/config/recon_layer: golden only
	    recon_ert/evaluation/Post/eyeriss_like_wglb/resnet18/bch63_39/w8a8/layers-full/map-edp-vic2000l-linear_pruned-seednone-ssnone-perm16/result.json/provenance/config/recon_modeling: golden only
	    recon_ert/evaluation/Post/eyeriss_like_wglb/resnet18/bch63_39/w8a8/layers-full/map-edp-vic2000l-linear_pruned-seednone-ssnone-perm16/result.json/provenance/config/recon_optimizer: golden only
	    recon_ert/evaluation/Post/eyeriss_like_wglb/resnet18/bch63_39/w8a8/layers-full/map-edp-vic2000l-linear_pruned-seednone-ssnone-perm16/result.json/provenance/config/recon_placement_keys: golden only
	    recon_ert/manifests/ReconSweep_optimiser__resnet18.json/config/layers_by_model: fresh only
	    recon_ert/manifests/ReconSweep_optimiser__resnet18.json/config/recon_layer: golden only
	    recon_ert/manifests/ReconSweep_optimiser__resnet18.json/config/recon_modeling: golden only
	    recon_ert/manifests/ReconSweep_optimiser__resnet18.json/config/recon_optimizer: golden only
	    recon_ert/manifests/ReconSweep_optimiser__resnet18.json/config/recon_placement_keys: golden only
	    validate/manifests/validate.json/config/layers_by_model: fresh only
	    validate/manifests/validate.json/config/recon_layer: golden only
	    validate/manifests/validate.json/config/recon_modeling: golden only
	    validate/manifests/validate.json/config/recon_optimizer: golden only
	    validate/manifests/validate.json/config/recon_placement_keys: golden only
	  PROSE (strings, text lines): 28
	    baseline.txt:2: 1 line(s) reworded, numbers identical
	    baseline.txt:4: 1 line(s) reworded, numbers identical
	    baseline/evaluation/Pre/eyeriss_like_wglb/resnet18/bch63_39/w8a8/layers-full/map-edp-vic2000l-linear_pruned-seednone-ssnone-perm16/result.json/provenance/config/stem: 'ReconSweep__resnet18' -> 'ReconSweep_optimiser__resnet18'
	    baseline/evaluation/Pre/eyeriss_like_wglb/resnet18/bch63_39/w8a8/layers-full/map-edp-vic2000l-linear_pruned-seednone-ssnone-perm16/result.json/provenance/config/stem_override: 'ReconSweep__resnet18' -> 'ReconSweep_optimiser__resnet18'
	    baseline/evaluation/Pre/eyeriss_like_wglb/resnet18/bch63_39/w8a8/layers-full/map-edp-vic2000l-linear_pruned-seednone-ssnone-perm16/result.json/provenance/config/sweep: 'arch' -> 'fix'
	    baseline/evaluation/Pre/eyeriss_like_wglb/resnet18/bch63_39/w8a8/layers-full/map-edp-vic2000l-linear_pruned-seednone-ssnone-perm16/result.json/provenance/config_hash: '226f21d4' -> '05d1e98f'
	    diagnose.txt:2: 1 line(s) reworded, numbers identical
	    diagnose.txt:4: 1 line(s) reworded, numbers identical
	    diagnose/manifests/diagnose.json/config/sweep: 'arch' -> 'fix'
	    embedded.txt:2: 1 line(s) reworded, numbers identical
	    embedded.txt:4: 1 line(s) reworded, numbers identical
	    embedded/evaluation/Pre/eyeriss_like_wglb/resnet18/bch63_39/w8a8/layers-full/map-edp-vic2000l-linear_pruned-seednone-ssnone-perm16/result.json/provenance/config/stem: 'ReconSweep__resnet18' -> 'ReconSweep_optimiser__resnet18'
	    embedded/evaluation/Pre/eyeriss_like_wglb/resnet18/bch63_39/w8a8/layers-full/map-edp-vic2000l-linear_pruned-seednone-ssnone-perm16/result.json/provenance/config/stem_override: 'ReconSweep__resnet18' -> 'ReconSweep_optimiser__resnet18'
	    embedded/evaluation/Pre/eyeriss_like_wglb/resnet18/bch63_39/w8a8/layers-full/map-edp-vic2000l-linear_pruned-seednone-ssnone-perm16/result.json/provenance/config/sweep: 'arch' -> 'fix'
	    embedded/evaluation/Pre/eyeriss_like_wglb/resnet18/bch63_39/w8a8/layers-full/map-edp-vic2000l-linear_pruned-seednone-ssnone-perm16/result.json/provenance/config_hash: '95473f64' -> 'efa35027'
	    recon_default.txt:4: 1 line(s) reworded, numbers identical
	    recon_default/evaluation/Post/eyeriss_like_wglb/resnet18/bch63_39/w8a8/layers-full/map-edp-vic2000l-linear_pruned-seednone-ssnone-perm16/result.json/provenance/config/sweep: 'arch' -> 'fix'
	    recon_default/evaluation/Post/eyeriss_like_wglb/resnet18/bch63_39/w8a8/layers-full/map-edp-vic2000l-linear_pruned-seednone-ssnone-perm16/result.json/provenance/config_hash: '46def58a' -> '78bd0f25'
	    recon_default/manifests/ReconSweep_optimiser__resnet18.json/config/sweep: 'arch' -> 'fix'
	    recon_default/manifests/ReconSweep_optimiser__resnet18.json/swept_axis: 'arch' -> 'fix'
	    recon_ert.txt:4: 1 line(s) reworded, numbers identical
	    recon_ert/evaluation/Post/eyeriss_like_wglb/resnet18/bch63_39/w8a8/layers-full/map-edp-vic2000l-linear_pruned-seednone-ssnone-perm16/result.json/provenance/config/sweep: 'arch' -> 'fix'
	    recon_ert/evaluation/Post/eyeriss_like_wglb/resnet18/bch63_39/w8a8/layers-full/map-edp-vic2000l-linear_pruned-seednone-ssnone-perm16/result.json/provenance/config_hash: '46def58a' -> '78bd0f25'
	    recon_ert/manifests/ReconSweep_optimiser__resnet18.json/config/sweep: 'arch' -> 'fix'
	    recon_ert/manifests/ReconSweep_optimiser__resnet18.json/swept_axis: 'arch' -> 'fix'
	    validate.txt:2: 1 line(s) reworded, numbers identical
	    validate.txt:4: 1 line(s) reworded, numbers identical
	    validate/manifests/validate.json/config/sweep: 'arch' -> 'fix'
	  verdict: record/prose only -- every number identical. Read the lists,
	           then record it:  bash restructure/gate.sh --accept-record '<why>'
